<?xml version="1.0" encoding="ISO-8859-1" ?>
<link_info>
   <banner>TI ARM Linker PC v18.12.2.LTS</banner>
   <copyright>Copyright (c) 1996-2018 Texas Instruments Incorporated</copyright>
   <link_time>0x5d79867e</link_time>
   <link_errors>0x0</link_errors>
   <output_file>adcsinglechannel_CC3220SF_LAUNCHXL_freertos_ccs_syscfg.out</output_file>
   <entry_point>
      <name>resetISR</name>
      <address>0x1007345</address>
   </entry_point>
   <input_file_list>
      <input_file id="fl-2">
         <path>.\</path>
         <kind>object</kind>
         <file>adcsinglechannel.obj</file>
         <name>adcsinglechannel.obj</name>
      </input_file>
      <input_file id="fl-3">
         <path>.\syscfg\</path>
         <kind>object</kind>
         <file>Board.obj</file>
         <name>Board.obj</name>
      </input_file>
      <input_file id="fl-4">
         <path>.\</path>
         <kind>object</kind>
         <file>main_freertos.obj</file>
         <name>main_freertos.obj</name>
      </input_file>
      <input_file id="fl-f">
         <kind>object</kind>
         <file>&lt;internal&gt;</file>
         <name>&lt;internal&gt;</name>
      </input_file>
      <input_file id="fl-10">
         <path>C:\ti\simplelink_cc32xx_sdk_3_20_00_06\source\ti\display\lib\</path>
         <kind>archive</kind>
         <file>display.aem4</file>
         <name>Display.oem4</name>
      </input_file>
      <input_file id="fl-11">
         <path>C:\ti\simplelink_cc32xx_sdk_3_20_00_06\source\ti\display\lib\</path>
         <kind>archive</kind>
         <file>display.aem4</file>
         <name>DisplayUart.oem4</name>
      </input_file>
      <input_file id="fl-12">
         <path>C:\ti\simplelink_cc32xx_sdk_3_20_00_06\source\ti\drivers\lib\</path>
         <kind>archive</kind>
         <file>drivers_cc32xx.aem4</file>
         <name>ADC.oem4</name>
      </input_file>
      <input_file id="fl-13">
         <path>C:\ti\simplelink_cc32xx_sdk_3_20_00_06\source\ti\drivers\lib\</path>
         <kind>archive</kind>
         <file>drivers_cc32xx.aem4</file>
         <name>ADCCC32XX.oem4</name>
      </input_file>
      <input_file id="fl-14">
         <path>C:\ti\simplelink_cc32xx_sdk_3_20_00_06\source\ti\drivers\lib\</path>
         <kind>archive</kind>
         <file>drivers_cc32xx.aem4</file>
         <name>PowerCC32XX.oem4</name>
      </input_file>
      <input_file id="fl-15">
         <path>C:\ti\simplelink_cc32xx_sdk_3_20_00_06\source\ti\drivers\lib\</path>
         <kind>archive</kind>
         <file>drivers_cc32xx.aem4</file>
         <name>PowerCC32XX_asm.oem4</name>
      </input_file>
      <input_file id="fl-16">
         <path>C:\ti\simplelink_cc32xx_sdk_3_20_00_06\source\ti\drivers\lib\</path>
         <kind>archive</kind>
         <file>drivers_cc32xx.aem4</file>
         <name>UART.oem4</name>
      </input_file>
      <input_file id="fl-17">
         <path>C:\ti\simplelink_cc32xx_sdk_3_20_00_06\source\ti\drivers\lib\</path>
         <kind>archive</kind>
         <file>drivers_cc32xx.aem4</file>
         <name>UARTCC32XX.oem4</name>
      </input_file>
      <input_file id="fl-18">
         <path>C:\ti\simplelink_cc32xx_sdk_3_20_00_06\source\ti\drivers\lib\</path>
         <kind>archive</kind>
         <file>drivers_cc32xx.aem4</file>
         <name>List.oem4</name>
      </input_file>
      <input_file id="fl-19">
         <path>C:\ti\simplelink_cc32xx_sdk_3_20_00_06\source\ti\drivers\lib\</path>
         <kind>archive</kind>
         <file>drivers_cc32xx.aem4</file>
         <name>RingBuf.oem4</name>
      </input_file>
      <input_file id="fl-1a">
         <path>C:\Users\Brandon\workspace_v10\freertos_builds_CC3220SF_LAUNCHXL_release_ccs\Debug\</path>
         <kind>archive</kind>
         <file>freertos_builds_CC3220SF_LAUNCHXL_release_ccs.lib</file>
         <name>ClockP_freertos.obj</name>
      </input_file>
      <input_file id="fl-1b">
         <path>C:\Users\Brandon\workspace_v10\freertos_builds_CC3220SF_LAUNCHXL_release_ccs\Debug\</path>
         <kind>archive</kind>
         <file>freertos_builds_CC3220SF_LAUNCHXL_release_ccs.lib</file>
         <name>HwiPCC32XX_freertos.obj</name>
      </input_file>
      <input_file id="fl-1c">
         <path>C:\Users\Brandon\workspace_v10\freertos_builds_CC3220SF_LAUNCHXL_release_ccs\Debug\</path>
         <kind>archive</kind>
         <file>freertos_builds_CC3220SF_LAUNCHXL_release_ccs.lib</file>
         <name>PowerCC32XX_freertos.obj</name>
      </input_file>
      <input_file id="fl-1d">
         <path>C:\Users\Brandon\workspace_v10\freertos_builds_CC3220SF_LAUNCHXL_release_ccs\Debug\</path>
         <kind>archive</kind>
         <file>freertos_builds_CC3220SF_LAUNCHXL_release_ccs.lib</file>
         <name>SemaphoreP_freertos.obj</name>
      </input_file>
      <input_file id="fl-1e">
         <path>C:\Users\Brandon\workspace_v10\freertos_builds_CC3220SF_LAUNCHXL_release_ccs\Debug\</path>
         <kind>archive</kind>
         <file>freertos_builds_CC3220SF_LAUNCHXL_release_ccs.lib</file>
         <name>SystemP_freertos.obj</name>
      </input_file>
      <input_file id="fl-1f">
         <path>C:\Users\Brandon\workspace_v10\freertos_builds_CC3220SF_LAUNCHXL_release_ccs\Debug\</path>
         <kind>archive</kind>
         <file>freertos_builds_CC3220SF_LAUNCHXL_release_ccs.lib</file>
         <name>heap_4.obj</name>
      </input_file>
      <input_file id="fl-20">
         <path>C:\Users\Brandon\workspace_v10\freertos_builds_CC3220SF_LAUNCHXL_release_ccs\Debug\</path>
         <kind>archive</kind>
         <file>freertos_builds_CC3220SF_LAUNCHXL_release_ccs.lib</file>
         <name>queue.obj</name>
      </input_file>
      <input_file id="fl-21">
         <path>C:\Users\Brandon\workspace_v10\freertos_builds_CC3220SF_LAUNCHXL_release_ccs\Debug\</path>
         <kind>archive</kind>
         <file>freertos_builds_CC3220SF_LAUNCHXL_release_ccs.lib</file>
         <name>tasks.obj</name>
      </input_file>
      <input_file id="fl-22">
         <path>C:\Users\Brandon\workspace_v10\freertos_builds_CC3220SF_LAUNCHXL_release_ccs\Debug\</path>
         <kind>archive</kind>
         <file>freertos_builds_CC3220SF_LAUNCHXL_release_ccs.lib</file>
         <name>timers.obj</name>
      </input_file>
      <input_file id="fl-23">
         <path>C:\Users\Brandon\workspace_v10\freertos_builds_CC3220SF_LAUNCHXL_release_ccs\Debug\</path>
         <kind>archive</kind>
         <file>freertos_builds_CC3220SF_LAUNCHXL_release_ccs.lib</file>
         <name>port.obj</name>
      </input_file>
      <input_file id="fl-24">
         <path>C:\Users\Brandon\workspace_v10\freertos_builds_CC3220SF_LAUNCHXL_release_ccs\Debug\</path>
         <kind>archive</kind>
         <file>freertos_builds_CC3220SF_LAUNCHXL_release_ccs.lib</file>
         <name>portasm.obj</name>
      </input_file>
      <input_file id="fl-25">
         <path>C:\Users\Brandon\workspace_v10\freertos_builds_CC3220SF_LAUNCHXL_release_ccs\Debug\</path>
         <kind>archive</kind>
         <file>freertos_builds_CC3220SF_LAUNCHXL_release_ccs.lib</file>
         <name>startup_cc32xx_ccs.obj</name>
      </input_file>
      <input_file id="fl-26">
         <path>C:\Users\Brandon\workspace_v10\freertos_builds_CC3220SF_LAUNCHXL_release_ccs\Debug\</path>
         <kind>archive</kind>
         <file>freertos_builds_CC3220SF_LAUNCHXL_release_ccs.lib</file>
         <name>PTLS.obj</name>
      </input_file>
      <input_file id="fl-27">
         <path>C:\Users\Brandon\workspace_v10\freertos_builds_CC3220SF_LAUNCHXL_release_ccs\Debug\</path>
         <kind>archive</kind>
         <file>freertos_builds_CC3220SF_LAUNCHXL_release_ccs.lib</file>
         <name>pthread.obj</name>
      </input_file>
      <input_file id="fl-28">
         <path>C:\Users\Brandon\workspace_v10\freertos_builds_CC3220SF_LAUNCHXL_release_ccs\Debug\</path>
         <kind>archive</kind>
         <file>freertos_builds_CC3220SF_LAUNCHXL_release_ccs.lib</file>
         <name>list.obj</name>
      </input_file>
      <input_file id="fl-29">
         <path>C:\ti\simplelink_cc32xx_sdk_3_20_00_06\source\ti\devices\cc32xx\driverlib\ccs\Release\</path>
         <kind>archive</kind>
         <file>driverlib.a</file>
         <name>interrupt.obj</name>
      </input_file>
      <input_file id="fl-2a">
         <path>C:\ti\simplelink_cc32xx_sdk_3_20_00_06\source\ti\devices\cc32xx\driverlib\ccs\Release\</path>
         <kind>archive</kind>
         <file>driverlib.a</file>
         <name>pin.obj</name>
      </input_file>
      <input_file id="fl-2b">
         <path>C:\ti\simplelink_cc32xx_sdk_3_20_00_06\source\ti\devices\cc32xx\driverlib\ccs\Release\</path>
         <kind>archive</kind>
         <file>driverlib.a</file>
         <name>prcm.obj</name>
      </input_file>
      <input_file id="fl-2c">
         <path>C:\ti\simplelink_cc32xx_sdk_3_20_00_06\source\ti\devices\cc32xx\driverlib\ccs\Release\</path>
         <kind>archive</kind>
         <file>driverlib.a</file>
         <name>systick.obj</name>
      </input_file>
      <input_file id="fl-2d">
         <path>C:\ti\simplelink_cc32xx_sdk_3_20_00_06\source\ti\devices\cc32xx\driverlib\ccs\Release\</path>
         <kind>archive</kind>
         <file>driverlib.a</file>
         <name>uart.obj</name>
      </input_file>
      <input_file id="fl-2e">
         <path>C:\ti\simplelink_cc32xx_sdk_3_20_00_06\source\ti\devices\cc32xx\driverlib\ccs\Release\</path>
         <kind>archive</kind>
         <file>driverlib.a</file>
         <name>utils.obj</name>
      </input_file>
      <input_file id="fl-2f">
         <path>C:\ti\simplelink_cc32xx_sdk_3_20_00_06\source\ti\devices\cc32xx\driverlib\ccs\Release\</path>
         <kind>archive</kind>
         <file>driverlib.a</file>
         <name>cpu.obj</name>
      </input_file>
      <input_file id="fl-30">
         <path>C:\ti\simplelink_cc32xx_sdk_3_20_00_06\source\ti\devices\cc32xx\driverlib\ccs\Release\</path>
         <kind>archive</kind>
         <file>driverlib.a</file>
         <name>flash.obj</name>
      </input_file>
      <input_file id="fl-e6">
         <path>C:\ti\ccs910\ccs\tools\compiler\ti-cgt-arm_18.12.2.LTS\lib\</path>
         <kind>archive</kind>
         <file>rtsv7M4_T_le_eabi.lib</file>
         <name>ull_div_t2.asm.obj</name>
      </input_file>
      <input_file id="fl-e7">
         <path>C:\ti\ccs910\ccs\tools\compiler\ti-cgt-arm_18.12.2.LTS\lib\</path>
         <kind>archive</kind>
         <file>rtsv7M4_T_le_eabi.lib</file>
         <name>memset_t2.asm.obj</name>
      </input_file>
      <input_file id="fl-e8">
         <path>C:\ti\ccs910\ccs\tools\compiler\ti-cgt-arm_18.12.2.LTS\lib\</path>
         <kind>archive</kind>
         <file>rtsv7M4_T_le_eabi.lib</file>
         <name>fd_add_t2.asm.obj</name>
      </input_file>
      <input_file id="fl-e9">
         <path>C:\ti\ccs910\ccs\tools\compiler\ti-cgt-arm_18.12.2.LTS\lib\</path>
         <kind>archive</kind>
         <file>rtsv7M4_T_le_eabi.lib</file>
         <name>fd_cmp_t2.asm.obj</name>
      </input_file>
      <input_file id="fl-ea">
         <path>C:\ti\ccs910\ccs\tools\compiler\ti-cgt-arm_18.12.2.LTS\lib\</path>
         <kind>archive</kind>
         <file>rtsv7M4_T_le_eabi.lib</file>
         <name>fd_mul_t2.asm.obj</name>
      </input_file>
      <input_file id="fl-eb">
         <path>C:\ti\ccs910\ccs\tools\compiler\ti-cgt-arm_18.12.2.LTS\lib\</path>
         <kind>archive</kind>
         <file>rtsv7M4_T_le_eabi.lib</file>
         <name>fd_toi_t2.asm.obj</name>
      </input_file>
      <input_file id="fl-ec">
         <path>C:\ti\ccs910\ccs\tools\compiler\ti-cgt-arm_18.12.2.LTS\lib\</path>
         <kind>archive</kind>
         <file>rtsv7M4_T_le_eabi.lib</file>
         <name>fd_tou_t2.asm.obj</name>
      </input_file>
      <input_file id="fl-ed">
         <path>C:\ti\ccs910\ccs\tools\compiler\ti-cgt-arm_18.12.2.LTS\lib\</path>
         <kind>archive</kind>
         <file>rtsv7M4_T_le_eabi.lib</file>
         <name>i_tofd_t2.asm.obj</name>
      </input_file>
      <input_file id="fl-ee">
         <path>C:\ti\ccs910\ccs\tools\compiler\ti-cgt-arm_18.12.2.LTS\lib\</path>
         <kind>archive</kind>
         <file>rtsv7M4_T_le_eabi.lib</file>
         <name>ll_mul_t2.asm.obj</name>
      </input_file>
      <input_file id="fl-ef">
         <path>C:\ti\ccs910\ccs\tools\compiler\ti-cgt-arm_18.12.2.LTS\lib\</path>
         <kind>archive</kind>
         <file>rtsv7M4_T_le_eabi.lib</file>
         <name>memcpy_t2.asm.obj</name>
      </input_file>
      <input_file id="fl-f0">
         <path>C:\ti\ccs910\ccs\tools\compiler\ti-cgt-arm_18.12.2.LTS\lib\</path>
         <kind>archive</kind>
         <file>rtsv7M4_T_le_eabi.lib</file>
         <name>u_tofd_t2.asm.obj</name>
      </input_file>
      <input_file id="fl-f1">
         <path>C:\ti\ccs910\ccs\tools\compiler\ti-cgt-arm_18.12.2.LTS\lib\</path>
         <kind>archive</kind>
         <file>rtsv7M4_T_le_eabi.lib</file>
         <name>u_divt2.asm.obj</name>
      </input_file>
      <input_file id="fl-f2">
         <path>C:\ti\ccs910\ccs\tools\compiler\ti-cgt-arm_18.12.2.LTS\lib\</path>
         <kind>archive</kind>
         <file>rtsv7M4_T_le_eabi.lib</file>
         <name>copy_zero_init.c.obj</name>
      </input_file>
      <input_file id="fl-f3">
         <path>C:\ti\ccs910\ccs\tools\compiler\ti-cgt-arm_18.12.2.LTS\lib\</path>
         <kind>archive</kind>
         <file>rtsv7M4_T_le_eabi.lib</file>
         <name>copy_decompress_none.c.obj</name>
      </input_file>
      <input_file id="fl-f4">
         <path>C:\ti\ccs910\ccs\tools\compiler\ti-cgt-arm_18.12.2.LTS\lib\</path>
         <kind>archive</kind>
         <file>rtsv7M4_T_le_eabi.lib</file>
         <name>copy_decompress_lzss.c.obj</name>
      </input_file>
      <input_file id="fl-f5">
         <path>C:\ti\ccs910\ccs\tools\compiler\ti-cgt-arm_18.12.2.LTS\lib\</path>
         <kind>archive</kind>
         <file>rtsv7M4_T_le_eabi.lib</file>
         <name>strlen.c.obj</name>
      </input_file>
      <input_file id="fl-f6">
         <path>C:\ti\ccs910\ccs\tools\compiler\ti-cgt-arm_18.12.2.LTS\lib\</path>
         <kind>archive</kind>
         <file>rtsv7M4_T_le_eabi.lib</file>
         <name>boot_cortex_m.c.obj</name>
      </input_file>
      <input_file id="fl-f7">
         <path>C:\ti\ccs910\ccs\tools\compiler\ti-cgt-arm_18.12.2.LTS\lib\</path>
         <kind>archive</kind>
         <file>rtsv7M4_T_le_eabi.lib</file>
         <name>div0.asm.obj</name>
      </input_file>
      <input_file id="fl-f8">
         <path>C:\ti\ccs910\ccs\tools\compiler\ti-cgt-arm_18.12.2.LTS\lib\</path>
         <kind>archive</kind>
         <file>rtsv7M4_T_le_eabi.lib</file>
         <name>autoinit.c.obj</name>
      </input_file>
      <input_file id="fl-f9">
         <path>C:\ti\ccs910\ccs\tools\compiler\ti-cgt-arm_18.12.2.LTS\lib\</path>
         <kind>archive</kind>
         <file>rtsv7M4_T_le_eabi.lib</file>
         <name>pre_init.c.obj</name>
      </input_file>
      <input_file id="fl-fa">
         <path>C:\ti\ccs910\ccs\tools\compiler\ti-cgt-arm_18.12.2.LTS\lib\</path>
         <kind>archive</kind>
         <file>rtsv7M4_T_le_eabi.lib</file>
         <name>cpy_tbl.c.obj</name>
      </input_file>
      <input_file id="fl-fb">
         <path>C:\ti\ccs910\ccs\tools\compiler\ti-cgt-arm_18.12.2.LTS\lib\</path>
         <kind>archive</kind>
         <file>rtsv7M4_T_le_eabi.lib</file>
         <name>exit.c.obj</name>
      </input_file>
      <input_file id="fl-fc">
         <path>C:\ti\ccs910\ccs\tools\compiler\ti-cgt-arm_18.12.2.LTS\lib\</path>
         <kind>archive</kind>
         <file>rtsv7M4_T_le_eabi.lib</file>
         <name>_lock.c.obj</name>
      </input_file>
      <input_file id="fl-fd">
         <path>C:\ti\ccs910\ccs\tools\compiler\ti-cgt-arm_18.12.2.LTS\lib\</path>
         <kind>archive</kind>
         <file>rtsv7M4_T_le_eabi.lib</file>
         <name>args_main.c.obj</name>
      </input_file>
   </input_file_list>
   <object_component_list>
      <object_component id="oc-874">
         <name>.text:doPrint</name>
         <load_address>0x1000840</load_address>
         <run_address>0x1000840</run_address>
         <size>0x4a4</size>
         <input_file_ref idref="fl-1e"/>
      </object_component>
      <object_component id="oc-23f">
         <name>.text:PRCMCC3200MCUInit</name>
         <load_address>0x1000ce4</load_address>
         <run_address>0x1000ce4</run_address>
         <size>0x42c</size>
         <input_file_ref idref="fl-2b"/>
      </object_component>
      <object_component id="oc-8f6">
         <name>.text:UARTCC32XX_open</name>
         <load_address>0x1001110</load_address>
         <run_address>0x1001110</run_address>
         <size>0x278</size>
         <input_file_ref idref="fl-17"/>
      </object_component>
      <object_component id="oc-86d">
         <name>.text:xQueueSemaphoreTake</name>
         <load_address>0x1001388</load_address>
         <run_address>0x1001388</run_address>
         <size>0x1d4</size>
         <input_file_ref idref="fl-20"/>
      </object_component>
      <object_component id="oc-4cc">
         <name>.text:xQueueGenericSend</name>
         <load_address>0x100155c</load_address>
         <run_address>0x100155c</run_address>
         <size>0x1b8</size>
         <input_file_ref idref="fl-20"/>
      </object_component>
      <object_component id="oc-8d4">
         <name>.text</name>
         <load_address>0x1001714</load_address>
         <run_address>0x1001714</run_address>
         <size>0x1b6</size>
         <input_file_ref idref="fl-e8"/>
      </object_component>
      <object_component id="oc-24b">
         <name>.text:Board_initHook</name>
         <load_address>0x10018ca</load_address>
         <run_address>0x10018ca</run_address>
         <size>0x2</size>
         <input_file_ref idref="fl-3"/>
      </object_component>
      <object_component id="oc-46a">
         <name>.text:PowerCC32XX_sleepPolicy</name>
         <load_address>0x10018cc</load_address>
         <run_address>0x10018cc</run_address>
         <size>0x1b0</size>
         <input_file_ref idref="fl-1c"/>
      </object_component>
      <object_component id="oc-66f">
         <name>.text:xQueueReceive</name>
         <load_address>0x1001a7c</load_address>
         <run_address>0x1001a7c</run_address>
         <size>0x180</size>
         <input_file_ref idref="fl-20"/>
      </object_component>
      <object_component id="oc-25a">
         <name>.text:pvPortMalloc</name>
         <load_address>0x1001bfc</load_address>
         <run_address>0x1001bfc</run_address>
         <size>0x178</size>
         <input_file_ref idref="fl-1f"/>
      </object_component>
      <object_component id="oc-500">
         <name>.text:prvProcessReceivedCommands</name>
         <load_address>0x1001d74</load_address>
         <run_address>0x1001d74</run_address>
         <size>0x164</size>
         <input_file_ref idref="fl-22"/>
      </object_component>
      <object_component id="oc-2ce">
         <name>.text:threadFxn1</name>
         <load_address>0x1001ed8</load_address>
         <run_address>0x1001ed8</run_address>
         <size>0x164</size>
         <input_file_ref idref="fl-2"/>
      </object_component>
      <object_component id="oc-6f6">
         <name>.text:parkPins</name>
         <load_address>0x100203c</load_address>
         <run_address>0x100203c</run_address>
         <size>0x148</size>
         <input_file_ref idref="fl-14"/>
      </object_component>
      <object_component id="oc-d6">
         <name>.text:xTaskIncrementTick</name>
         <load_address>0x1002184</load_address>
         <run_address>0x1002184</run_address>
         <size>0x13c</size>
         <input_file_ref idref="fl-21"/>
      </object_component>
      <object_component id="oc-17d">
         <name>.text:pthread_create</name>
         <load_address>0x10022c0</load_address>
         <run_address>0x10022c0</run_address>
         <size>0x138</size>
         <input_file_ref idref="fl-27"/>
      </object_component>
      <object_component id="oc-37d">
         <name>.text:prvInitialiseNewTask</name>
         <load_address>0x10023f8</load_address>
         <run_address>0x10023f8</run_address>
         <size>0x12a</size>
         <input_file_ref idref="fl-21"/>
      </object_component>
      <object_component id="oc-6b1">
         <name>.text:DisplayUartMin_clear</name>
         <load_address>0x1002522</load_address>
         <run_address>0x1002522</run_address>
         <size>0x2</size>
         <input_file_ref idref="fl-11"/>
      </object_component>
      <object_component id="oc-8e4">
         <name>.text:UARTCC32XX_close</name>
         <load_address>0x1002524</load_address>
         <run_address>0x1002524</run_address>
         <size>0x120</size>
         <input_file_ref idref="fl-17"/>
      </object_component>
      <object_component id="oc-5ab">
         <name>.text:Power_sleep</name>
         <load_address>0x1002644</load_address>
         <run_address>0x1002644</run_address>
         <size>0x11c</size>
         <input_file_ref idref="fl-14"/>
      </object_component>
      <object_component id="oc-28a">
         <name>.text:xTaskResumeAll</name>
         <load_address>0x1002760</load_address>
         <run_address>0x1002760</run_address>
         <size>0x11c</size>
         <input_file_ref idref="fl-21"/>
      </object_component>
      <object_component id="oc-8b2">
         <name>.text:vTaskPriorityDisinheritAfterTimeout</name>
         <load_address>0x100287c</load_address>
         <run_address>0x100287c</run_address>
         <size>0x114</size>
         <input_file_ref idref="fl-21"/>
      </object_component>
      <object_component id="oc-77b">
         <name>.text:xQueueGenericSendFromISR</name>
         <load_address>0x1002990</load_address>
         <run_address>0x1002990</run_address>
         <size>0x104</size>
         <input_file_ref idref="fl-20"/>
      </object_component>
      <object_component id="oc-2c8">
         <name>.text:threadFxn0</name>
         <load_address>0x1002a94</load_address>
         <run_address>0x1002a94</run_address>
         <size>0x100</size>
         <input_file_ref idref="fl-2"/>
      </object_component>
      <object_component id="oc-7a6">
         <name>.text</name>
         <load_address>0x1002b94</load_address>
         <run_address>0x1002b94</run_address>
         <size>0xfc</size>
         <input_file_ref idref="fl-ea"/>
      </object_component>
      <object_component id="oc-4d2">
         <name>.text:vTaskSuspend</name>
         <load_address>0x1002c90</load_address>
         <run_address>0x1002c90</run_address>
         <size>0xfc</size>
         <input_file_ref idref="fl-21"/>
      </object_component>
      <object_component id="oc-4d8">
         <name>.text:vTaskDelete</name>
         <load_address>0x1002d8c</load_address>
         <run_address>0x1002d8c</run_address>
         <size>0xf8</size>
         <input_file_ref idref="fl-21"/>
      </object_component>
      <object_component id="oc-8ea">
         <name>.text:UARTCC32XX_control</name>
         <load_address>0x1002e84</load_address>
         <run_address>0x1002e84</run_address>
         <size>0xf2</size>
         <input_file_ref idref="fl-17"/>
      </object_component>
      <object_component id="oc-87f">
         <name>.text:xQueueGiveFromISR</name>
         <load_address>0x1002f76</load_address>
         <run_address>0x1002f76</run_address>
         <size>0xf0</size>
         <input_file_ref idref="fl-20"/>
      </object_component>
      <object_component id="oc-6b7">
         <name>.text:DisplayUartMin_clearLines</name>
         <load_address>0x1003066</load_address>
         <run_address>0x1003066</run_address>
         <size>0x2</size>
         <input_file_ref idref="fl-11"/>
      </object_component>
      <object_component id="oc-8a6">
         <name>.text:xTaskPriorityInherit</name>
         <load_address>0x1003068</load_address>
         <run_address>0x1003068</run_address>
         <size>0xe8</size>
         <input_file_ref idref="fl-21"/>
      </object_component>
      <object_component id="oc-740">
         <name>.text:xTaskPriorityDisinherit</name>
         <load_address>0x1003150</load_address>
         <run_address>0x1003150</run_address>
         <size>0xe0</size>
         <input_file_ref idref="fl-21"/>
      </object_component>
      <object_component id="oc-cf">
         <name>.text:vTaskSwitchContext</name>
         <load_address>0x1003230</load_address>
         <run_address>0x1003230</run_address>
         <size>0xdc</size>
         <input_file_ref idref="fl-21"/>
      </object_component>
      <object_component id="oc-867">
         <name>.text:xQueueReceiveFromISR</name>
         <load_address>0x100330c</load_address>
         <run_address>0x100330c</run_address>
         <size>0xd8</size>
         <input_file_ref idref="fl-20"/>
      </object_component>
      <object_component id="oc-189">
         <name>.text:mainThread</name>
         <load_address>0x10033e4</load_address>
         <run_address>0x10033e4</run_address>
         <size>0xd4</size>
         <input_file_ref idref="fl-2"/>
      </object_component>
      <object_component id="oc-90e">
         <name>.text:UARTCC32XX_write</name>
         <load_address>0x10034b8</load_address>
         <run_address>0x10034b8</run_address>
         <size>0xca</size>
         <input_file_ref idref="fl-17"/>
      </object_component>
      <object_component id="oc-6a5">
         <name>.text:DisplayUartMin_init</name>
         <load_address>0x1003582</load_address>
         <run_address>0x1003582</run_address>
         <size>0x2</size>
         <input_file_ref idref="fl-11"/>
      </object_component>
      <object_component id="oc-383">
         <name>.text:prvAddNewTaskToReadyList</name>
         <load_address>0x1003584</load_address>
         <run_address>0x1003584</run_address>
         <size>0xc4</size>
         <input_file_ref idref="fl-21"/>
      </object_component>
      <object_component id="oc-713">
         <name>.text:restoreParkedPins</name>
         <load_address>0x1003648</load_address>
         <run_address>0x1003648</run_address>
         <size>0xc0</size>
         <input_file_ref idref="fl-14"/>
      </object_component>
      <object_component id="oc-2a0">
         <name>.text:xPortStartScheduler</name>
         <load_address>0x1003708</load_address>
         <run_address>0x1003708</run_address>
         <size>0xc0</size>
         <input_file_ref idref="fl-23"/>
      </object_component>
      <object_component id="oc-613">
         <name>.text:prvCopyDataToQueue</name>
         <load_address>0x10037c8</load_address>
         <run_address>0x10037c8</run_address>
         <size>0xbe</size>
         <input_file_ref idref="fl-20"/>
      </object_component>
      <object_component id="oc-aa3">
         <name>.text:IntDefaultHandler</name>
         <load_address>0x1003886</load_address>
         <run_address>0x1003886</run_address>
         <size>0x2</size>
         <input_file_ref idref="fl-29"/>
      </object_component>
      <object_component id="oc-353">
         <name>.text:prvHeapInit</name>
         <load_address>0x1003888</load_address>
         <run_address>0x1003888</run_address>
         <size>0xbc</size>
         <input_file_ref idref="fl-1f"/>
      </object_component>
      <object_component id="oc-76c">
         <name>.text:prvSwitchTimerLists</name>
         <load_address>0x1003944</load_address>
         <run_address>0x1003944</run_address>
         <size>0xbc</size>
         <input_file_ref idref="fl-22"/>
      </object_component>
      <object_component id="oc-902">
         <name>.text:UARTCC32XX_readPolling</name>
         <load_address>0x1003a00</load_address>
         <run_address>0x1003a00</run_address>
         <size>0xba</size>
         <input_file_ref idref="fl-17"/>
      </object_component>
      <object_component id="oc-464">
         <name>.text:PowerCC32XX_initPolicy</name>
         <load_address>0x1003aba</load_address>
         <run_address>0x1003aba</run_address>
         <size>0x2</size>
         <input_file_ref idref="fl-1c"/>
      </object_component>
      <object_component id="oc-6c">
         <name>.text</name>
         <load_address>0x1003abc</load_address>
         <run_address>0x1003abc</run_address>
         <size>0xba</size>
         <input_file_ref idref="fl-24"/>
      </object_component>
      <object_component id="oc-8f0">
         <name>.text:UARTCC32XX_init</name>
         <load_address>0x1003b76</load_address>
         <run_address>0x1003b76</run_address>
         <size>0x2</size>
         <input_file_ref idref="fl-17"/>
      </object_component>
      <object_component id="oc-9b2">
         <name>.text:initHw</name>
         <load_address>0x1003b78</load_address>
         <run_address>0x1003b78</run_address>
         <size>0xb8</size>
         <input_file_ref idref="fl-17"/>
      </object_component>
      <object_component id="oc-48e">
         <name>.text:xQueueGenericReset</name>
         <load_address>0x1003c30</load_address>
         <run_address>0x1003c30</run_address>
         <size>0xb8</size>
         <input_file_ref idref="fl-20"/>
      </object_component>
      <object_component id="oc-8bf">
         <name>.text:formatNum</name>
         <load_address>0x1003ce8</load_address>
         <run_address>0x1003ce8</run_address>
         <size>0xb6</size>
         <input_file_ref idref="fl-1e"/>
      </object_component>
      <object_component id="oc-a7d">
         <name>.text:readTaskCallback</name>
         <load_address>0x1003d9e</load_address>
         <run_address>0x1003d9e</run_address>
         <size>0xb6</size>
         <input_file_ref idref="fl-17"/>
      </object_component>
      <object_component id="oc-750">
         <name>.text:prvAddCurrentTaskToDelayedList</name>
         <load_address>0x1003e54</load_address>
         <run_address>0x1003e54</run_address>
         <size>0xb0</size>
         <input_file_ref idref="fl-21"/>
      </object_component>
      <object_component id="oc-61f">
         <name>.text:xTaskCheckForTimeOut</name>
         <load_address>0x1003f04</load_address>
         <run_address>0x1003f04</run_address>
         <size>0xb0</size>
         <input_file_ref idref="fl-21"/>
      </object_component>
      <object_component id="oc-631">
         <name>.text:prvUnlockQueue</name>
         <load_address>0x1003fb4</load_address>
         <run_address>0x1003fb4</run_address>
         <size>0xae</size>
         <input_file_ref idref="fl-20"/>
      </object_component>
      <object_component id="oc-a71">
         <name>.text:readIsrTextBlocking</name>
         <load_address>0x1004062</load_address>
         <run_address>0x1004062</run_address>
         <size>0xae</size>
         <input_file_ref idref="fl-17"/>
      </object_component>
      <object_component id="oc-9f7">
         <name>.text:IntDisable</name>
         <load_address>0x1004110</load_address>
         <run_address>0x1004110</run_address>
         <size>0xa8</size>
         <input_file_ref idref="fl-29"/>
      </object_component>
      <object_component id="oc-a3">
         <name>.text:IntEnable</name>
         <load_address>0x10041b8</load_address>
         <run_address>0x10041b8</run_address>
         <size>0xa8</size>
         <input_file_ref idref="fl-29"/>
      </object_component>
      <object_component id="oc-32d">
         <name>.text:PowerCC32XX_configureWakeup</name>
         <load_address>0x1004260</load_address>
         <run_address>0x1004260</run_address>
         <size>0xa8</size>
         <input_file_ref idref="fl-14"/>
      </object_component>
      <object_component id="oc-359">
         <name>.text:prvInsertBlockIntoFreeList</name>
         <load_address>0x1004308</load_address>
         <run_address>0x1004308</run_address>
         <size>0xa8</size>
         <input_file_ref idref="fl-1f"/>
      </object_component>
      <object_component id="oc-a6b">
         <name>.text:readTaskBlocking</name>
         <load_address>0x10043b0</load_address>
         <run_address>0x10043b0</run_address>
         <size>0xa8</size>
         <input_file_ref idref="fl-17"/>
      </object_component>
      <object_component id="oc-5ea">
         <name>.text:xTaskRemoveFromEventList</name>
         <load_address>0x1004458</load_address>
         <run_address>0x1004458</run_address>
         <size>0xa8</size>
         <input_file_ref idref="fl-21"/>
      </object_component>
      <object_component id="oc-a83">
         <name>.text:readIsrTextCallback</name>
         <load_address>0x1004500</load_address>
         <run_address>0x1004500</run_address>
         <size>0xa2</size>
         <input_file_ref idref="fl-17"/>
      </object_component>
      <object_component id="oc-9e9">
         <name>.text:writeData</name>
         <load_address>0x10045a2</load_address>
         <run_address>0x10045a2</run_address>
         <size>0xa2</size>
         <input_file_ref idref="fl-17"/>
      </object_component>
      <object_component id="oc-9ac">
         <name>.text:ClockP_create</name>
         <load_address>0x1004644</load_address>
         <run_address>0x1004644</run_address>
         <size>0xa0</size>
         <input_file_ref idref="fl-1a"/>
      </object_component>
      <object_component id="oc-34">
         <name>.text</name>
         <load_address>0x10046e4</load_address>
         <run_address>0x10046e4</run_address>
         <size>0x9c</size>
         <input_file_ref idref="fl-ef"/>
      </object_component>
      <object_component id="oc-266">
         <name>.text:vPortFree</name>
         <load_address>0x1004780</load_address>
         <run_address>0x1004780</run_address>
         <size>0x9c</size>
         <input_file_ref idref="fl-1f"/>
      </object_component>
      <object_component id="oc-59a">
         <name>.text</name>
         <load_address>0x100481c</load_address>
         <run_address>0x100481c</run_address>
         <size>0x96</size>
         <input_file_ref idref="fl-e6"/>
      </object_component>
      <object_component id="oc-66">
         <name>.text:busFaultHandler</name>
         <load_address>0x10048b2</load_address>
         <run_address>0x10048b2</run_address>
         <size>0x2</size>
         <input_file_ref idref="fl-25"/>
      </object_component>
      <object_component id="oc-69a">
         <name>.text:ADCCC32XX_open</name>
         <load_address>0x10048b4</load_address>
         <run_address>0x10048b4</run_address>
         <size>0x94</size>
         <input_file_ref idref="fl-13"/>
      </object_component>
      <object_component id="oc-183">
         <name>.text:vTaskStartScheduler</name>
         <load_address>0x1004948</load_address>
         <run_address>0x1004948</run_address>
         <size>0x94</size>
         <input_file_ref idref="fl-21"/>
      </object_component>
      <object_component id="oc-707">
         <name>.text:restoreNVICRegs</name>
         <load_address>0x10049dc</load_address>
         <run_address>0x10049dc</run_address>
         <size>0x90</size>
         <input_file_ref idref="fl-14"/>
      </object_component>
      <object_component id="oc-78f">
         <name>.text:PinConfigSet</name>
         <load_address>0x1004a6c</load_address>
         <run_address>0x1004a6c</run_address>
         <size>0x88</size>
         <input_file_ref idref="fl-2a"/>
      </object_component>
      <object_component id="oc-4fa">
         <name>.text:prvProcessTimerOrBlockTask</name>
         <load_address>0x1004af4</load_address>
         <run_address>0x1004af4</run_address>
         <size>0x88</size>
         <input_file_ref idref="fl-22"/>
      </object_component>
      <object_component id="oc-8c5">
         <name>.text:__aeabi_cdcmple</name>
         <load_address>0x1004b7c</load_address>
         <run_address>0x1004b7c</run_address>
         <size>0x86</size>
         <input_file_ref idref="fl-e9"/>
      </object_component>
      <object_component id="oc-60">
         <name>.text:defaultHandler</name>
         <load_address>0x1004c02</load_address>
         <run_address>0x1004c02</run_address>
         <size>0x2</size>
         <input_file_ref idref="fl-25"/>
      </object_component>
      <object_component id="oc-245">
         <name>.text:Power_init</name>
         <load_address>0x1004c04</load_address>
         <run_address>0x1004c04</run_address>
         <size>0x84</size>
         <input_file_ref idref="fl-14"/>
      </object_component>
      <object_component id="oc-6fc">
         <name>.text:saveNVICRegs</name>
         <load_address>0x1004c88</load_address>
         <run_address>0x1004c88</run_address>
         <size>0x84</size>
         <input_file_ref idref="fl-14"/>
      </object_component>
      <object_component id="oc-669">
         <name>.text:xTimerGenericCommand</name>
         <load_address>0x1004d0c</load_address>
         <run_address>0x1004d0c</run_address>
         <size>0x84</size>
         <input_file_ref idref="fl-22"/>
      </object_component>
      <object_component id="oc-976">
         <name>.text:Power_setDependency</name>
         <load_address>0x1004d90</load_address>
         <run_address>0x1004d90</run_address>
         <size>0x80</size>
         <input_file_ref idref="fl-14"/>
      </object_component>
      <object_component id="oc-656">
         <name>.text:prvProcessExpiredTimer</name>
         <load_address>0x1004e10</load_address>
         <run_address>0x1004e10</run_address>
         <size>0x80</size>
         <input_file_ref idref="fl-22"/>
      </object_component>
      <object_component id="oc-a65">
         <name>.text:readIsrBinaryBlocking</name>
         <load_address>0x1004e90</load_address>
         <run_address>0x1004e90</run_address>
         <size>0x7c</size>
         <input_file_ref idref="fl-17"/>
      </object_component>
      <object_component id="oc-4c6">
         <name>.text:removeThreadKeys</name>
         <load_address>0x1004f0c</load_address>
         <run_address>0x1004f0c</run_address>
         <size>0x7a</size>
         <input_file_ref idref="fl-27"/>
      </object_component>
      <object_component id="oc-91">
         <name>.text</name>
         <load_address>0x1004f86</load_address>
         <run_address>0x1004f86</run_address>
         <size>0x7a</size>
         <input_file_ref idref="fl-e7"/>
      </object_component>
      <object_component id="oc-278">
         <name>.text:xTaskCreate</name>
         <load_address>0x1005000</load_address>
         <run_address>0x1005000</run_address>
         <size>0x7a</size>
         <input_file_ref idref="fl-21"/>
      </object_component>
      <object_component id="oc-5a">
         <name>.text:faultISR</name>
         <load_address>0x100507a</load_address>
         <run_address>0x100507a</run_address>
         <size>0x2</size>
         <input_file_ref idref="fl-25"/>
      </object_component>
      <object_component id="oc-663">
         <name>.text:prvInsertTimerInActiveList</name>
         <load_address>0x100507c</load_address>
         <run_address>0x100507c</run_address>
         <size>0x78</size>
         <input_file_ref idref="fl-22"/>
      </object_component>
      <object_component id="oc-a77">
         <name>.text:readIsrBinaryCallback</name>
         <load_address>0x10050f4</load_address>
         <run_address>0x10050f4</run_address>
         <size>0x78</size>
         <input_file_ref idref="fl-17"/>
      </object_component>
      <object_component id="oc-67c">
         <name>.text:ADCCC32XX_close</name>
         <load_address>0x100516c</load_address>
         <run_address>0x100516c</run_address>
         <size>0x74</size>
         <input_file_ref idref="fl-13"/>
      </object_component>
      <object_component id="oc-9c1">
         <name>.text:UARTCC32XX_hwiIntFxn</name>
         <load_address>0x10051e0</load_address>
         <run_address>0x10051e0</run_address>
         <size>0x74</size>
         <input_file_ref idref="fl-17"/>
      </object_component>
      <object_component id="oc-4a9">
         <name>.text:prvInitialiseTaskLists</name>
         <load_address>0x1005254</load_address>
         <run_address>0x1005254</run_address>
         <size>0x74</size>
         <input_file_ref idref="fl-21"/>
      </object_component>
      <object_component id="oc-842">
         <name>.text:vPortValidateInterruptPriority</name>
         <load_address>0x10052c8</load_address>
         <run_address>0x10052c8</run_address>
         <size>0x74</size>
         <input_file_ref idref="fl-23"/>
      </object_component>
      <object_component id="oc-acb">
         <name>.text:setClockObjTimeout</name>
         <load_address>0x100533c</load_address>
         <run_address>0x100533c</run_address>
         <size>0x70</size>
         <input_file_ref idref="fl-1a"/>
      </object_component>
      <object_component id="oc-260">
         <name>.text:xQueueGenericCreate</name>
         <load_address>0x10053ac</load_address>
         <run_address>0x10053ac</run_address>
         <size>0x6a</size>
         <input_file_ref idref="fl-20"/>
      </object_component>
      <object_component id="oc-10">
         <name>.text:decompress:lzss:__TI_decompress_lzss</name>
         <load_address>0x1005416</load_address>
         <run_address>0x1005416</run_address>
         <size>0x68</size>
         <input_file_ref idref="fl-f4"/>
      </object_component>
      <object_component id="oc-91a">
         <name>.text:UARTCC32XX_writeCancel</name>
         <load_address>0x100547e</load_address>
         <run_address>0x100547e</run_address>
         <size>0x66</size>
         <input_file_ref idref="fl-17"/>
      </object_component>
      <object_component id="oc-ac4">
         <name>.text:prvInitialiseNewTimer</name>
         <load_address>0x10054e4</load_address>
         <run_address>0x10054e4</run_address>
         <size>0x66</size>
         <input_file_ref idref="fl-22"/>
      </object_component>
      <object_component id="oc-74a">
         <name>.text:vListInsert</name>
         <load_address>0x100554a</load_address>
         <run_address>0x100554a</run_address>
         <size>0x66</size>
         <input_file_ref idref="fl-28"/>
      </object_component>
      <object_component id="oc-688">
         <name>.text:ADCCC32XX_convert</name>
         <load_address>0x10055b0</load_address>
         <run_address>0x10055b0</run_address>
         <size>0x64</size>
         <input_file_ref idref="fl-13"/>
      </object_component>
      <object_component id="oc-af9">
         <name>.text:ClockP_stop</name>
         <load_address>0x1005614</load_address>
         <run_address>0x1005614</run_address>
         <size>0x64</size>
         <input_file_ref idref="fl-1a"/>
      </object_component>
      <object_component id="oc-982">
         <name>.text:PowerCC32XX_setParkState</name>
         <load_address>0x1005678</load_address>
         <run_address>0x1005678</run_address>
         <size>0x64</size>
         <input_file_ref idref="fl-14"/>
      </object_component>
      <object_component id="oc-10c">
         <name>.text:main</name>
         <load_address>0x10056dc</load_address>
         <run_address>0x10056dc</run_address>
         <size>0x64</size>
         <input_file_ref idref="fl-4"/>
      </object_component>
      <object_component id="oc-3c9">
         <name>.text:prvGetExpectedIdleTime</name>
         <load_address>0x1005740</load_address>
         <run_address>0x1005740</run_address>
         <size>0x64</size>
         <input_file_ref idref="fl-21"/>
      </object_component>
      <object_component id="oc-914">
         <name>.text:UARTCC32XX_writePolling</name>
         <load_address>0x10057a4</load_address>
         <run_address>0x10057a4</run_address>
         <size>0x62</size>
         <input_file_ref idref="fl-17"/>
      </object_component>
      <object_component id="oc-54">
         <name>.text:nmiISR</name>
         <load_address>0x1005806</load_address>
         <run_address>0x1005806</run_address>
         <size>0x2</size>
         <input_file_ref idref="fl-25"/>
      </object_component>
      <object_component id="oc-994">
         <name>.text:HwiP_create</name>
         <load_address>0x1005808</load_address>
         <run_address>0x1005808</run_address>
         <size>0x60</size>
         <input_file_ref idref="fl-1b"/>
      </object_component>
      <object_component id="oc-2fb">
         <name>.text:PRCMSysResetCauseGet</name>
         <load_address>0x1005868</load_address>
         <run_address>0x1005868</run_address>
         <size>0x60</size>
         <input_file_ref idref="fl-2b"/>
      </object_component>
      <object_component id="oc-2b9">
         <name>.text:Display_doOpen</name>
         <load_address>0x10058c8</load_address>
         <run_address>0x10058c8</run_address>
         <size>0x5c</size>
         <input_file_ref idref="fl-10"/>
      </object_component>
      <object_component id="oc-2a6">
         <name>.text:prvIdleTask</name>
         <load_address>0x1005924</load_address>
         <run_address>0x1005924</run_address>
         <size>0x5c</size>
         <input_file_ref idref="fl-21"/>
      </object_component>
      <object_component id="oc-39f">
         <name>.text:pthread_exit</name>
         <load_address>0x1005980</load_address>
         <run_address>0x1005980</run_address>
         <size>0x5c</size>
         <input_file_ref idref="fl-27"/>
      </object_component>
      <object_component id="oc-65c">
         <name>.text:vQueueWaitForMessageRestricted</name>
         <load_address>0x10059dc</load_address>
         <run_address>0x10059dc</run_address>
         <size>0x5c</size>
         <input_file_ref idref="fl-20"/>
      </object_component>
      <object_component id="oc-314">
         <name>.text:PRCMPeripheralReset</name>
         <load_address>0x1005a38</load_address>
         <run_address>0x1005a38</run_address>
         <size>0x58</size>
         <input_file_ref idref="fl-2b"/>
      </object_component>
      <object_component id="oc-94f">
         <name>.text:Power_releaseDependency</name>
         <load_address>0x1005a90</load_address>
         <run_address>0x1005a90</run_address>
         <size>0x58</size>
         <input_file_ref idref="fl-14"/>
      </object_component>
      <object_component id="oc-582">
         <name>.text:eTaskConfirmSleepModeStatus</name>
         <load_address>0x1005ae8</load_address>
         <run_address>0x1005ae8</run_address>
         <size>0x58</size>
         <input_file_ref idref="fl-21"/>
      </object_component>
      <object_component id="oc-3b9">
         <name>.text:vPortSetupTimerInterrupt</name>
         <load_address>0x1005b40</load_address>
         <run_address>0x1005b40</run_address>
         <size>0x58</size>
         <input_file_ref idref="fl-23"/>
      </object_component>
      <object_component id="oc-a3a">
         <name>.text:xQueueCreateCountingSemaphore</name>
         <load_address>0x1005b98</load_address>
         <run_address>0x1005b98</run_address>
         <size>0x58</size>
         <input_file_ref idref="fl-20"/>
      </object_component>
      <object_component id="oc-9a0">
         <name>.text:SemaphoreP_create</name>
         <load_address>0x1005bf0</load_address>
         <run_address>0x1005bf0</run_address>
         <size>0x56</size>
         <input_file_ref idref="fl-1d"/>
      </object_component>
      <object_component id="oc-6e8">
         <name>.text</name>
         <load_address>0x1005c46</load_address>
         <run_address>0x1005c46</run_address>
         <size>0x2</size>
         <input_file_ref idref="fl-f7"/>
      </object_component>
      <object_component id="oc-93d">
         <name>.text:ClockP_delete</name>
         <load_address>0x1005c48</load_address>
         <run_address>0x1005c48</run_address>
         <size>0x54</size>
         <input_file_ref idref="fl-1a"/>
      </object_component>
      <object_component id="oc-a29">
         <name>.text:IntPrioritySet</name>
         <load_address>0x1005c9c</load_address>
         <run_address>0x1005c9c</run_address>
         <size>0x54</size>
         <input_file_ref idref="fl-29"/>
      </object_component>
      <object_component id="oc-af3">
         <name>.text:ringBufGet</name>
         <load_address>0x1005cf0</load_address>
         <run_address>0x1005cf0</run_address>
         <size>0x54</size>
         <input_file_ref idref="fl-17"/>
      </object_component>
      <object_component id="oc-29a">
         <name>.text:xTimerCreateTimerTask</name>
         <load_address>0x1005d44</load_address>
         <run_address>0x1005d44</run_address>
         <size>0x54</size>
         <input_file_ref idref="fl-22"/>
      </object_component>
      <object_component id="oc-814">
         <name>.text:PowerCC32XX_resumeLPDS</name>
         <load_address>0x1005d98</load_address>
         <run_address>0x1005d98</run_address>
         <size>0x52</size>
         <input_file_ref idref="fl-15"/>
      </object_component>
      <object_component id="oc-35f">
         <name>.text:vApplicationMallocFailedHook</name>
         <load_address>0x1005dea</load_address>
         <run_address>0x1005dea</run_address>
         <size>0x2</size>
         <input_file_ref idref="fl-4"/>
      </object_component>
      <object_component id="oc-4a2">
         <name>.text:pxPortInitialiseStack</name>
         <load_address>0x1005dec</load_address>
         <run_address>0x1005dec</run_address>
         <size>0x50</size>
         <input_file_ref idref="fl-23"/>
      </object_component>
      <object_component id="oc-80b">
         <name>.text:PowerCC32XX_parkPin</name>
         <load_address>0x1005e3c</load_address>
         <run_address>0x1005e3c</run_address>
         <size>0x4c</size>
         <input_file_ref idref="fl-14"/>
      </object_component>
      <object_component id="oc-4c">
         <name>.text:initVectors</name>
         <load_address>0x1005e88</load_address>
         <run_address>0x1005e88</run_address>
         <size>0x4c</size>
         <input_file_ref idref="fl-25"/>
      </object_component>
      <object_component id="oc-3a6">
         <name>.text:prvCheckForValidListAndQueue</name>
         <load_address>0x1005ed4</load_address>
         <run_address>0x1005ed4</run_address>
         <size>0x4c</size>
         <input_file_ref idref="fl-22"/>
      </object_component>
      <object_component id="oc-3c3">
         <name>.text:prvCheckTasksWaitingTermination</name>
         <load_address>0x1005f20</load_address>
         <run_address>0x1005f20</run_address>
         <size>0x4c</size>
         <input_file_ref idref="fl-21"/>
      </object_component>
      <object_component id="oc-70d">
         <name>.text:restorePeriphClocks</name>
         <load_address>0x1005f6c</load_address>
         <run_address>0x1005f6c</run_address>
         <size>0x4c</size>
         <input_file_ref idref="fl-14"/>
      </object_component>
      <object_component id="oc-38a">
         <name>.text:vPortEnterCritical</name>
         <load_address>0x1005fb8</load_address>
         <run_address>0x1005fb8</run_address>
         <size>0x4c</size>
         <input_file_ref idref="fl-23"/>
      </object_component>
      <object_component id="oc-6ab">
         <name>.text:DisplayUartMin_open</name>
         <load_address>0x1006004</load_address>
         <run_address>0x1006004</run_address>
         <size>0x4a</size>
         <input_file_ref idref="fl-11"/>
      </object_component>
      <object_component id="oc-82f">
         <name>.text:FlashDisable</name>
         <load_address>0x1006050</load_address>
         <run_address>0x1006050</run_address>
         <size>0x48</size>
         <input_file_ref idref="fl-30"/>
      </object_component>
      <object_component id="oc-a32">
         <name>.text:HwiP_dispatch</name>
         <load_address>0x1006098</load_address>
         <run_address>0x1006098</run_address>
         <size>0x48</size>
         <input_file_ref idref="fl-1b"/>
      </object_component>
      <object_component id="oc-719">
         <name>.text:PRCMLPDSEnter</name>
         <load_address>0x10060e0</load_address>
         <run_address>0x10060e0</run_address>
         <size>0x48</size>
         <input_file_ref idref="fl-2b"/>
      </object_component>
      <object_component id="oc-30e">
         <name>.text:PRCMPeripheralClkEnable</name>
         <load_address>0x1006128</load_address>
         <run_address>0x1006128</run_address>
         <size>0x48</size>
         <input_file_ref idref="fl-2b"/>
      </object_component>
      <object_component id="oc-943">
         <name>.text:Power_releaseConstraint</name>
         <load_address>0x1006170</load_address>
         <run_address>0x1006170</run_address>
         <size>0x48</size>
         <input_file_ref idref="fl-14"/>
      </object_component>
      <object_component id="oc-8ca">
         <name>.text</name>
         <load_address>0x10061b8</load_address>
         <run_address>0x10061b8</run_address>
         <size>0x48</size>
         <input_file_ref idref="fl-eb"/>
      </object_component>
      <object_component id="oc-13e">
         <name>.text:uxListRemove</name>
         <load_address>0x1006200</load_address>
         <run_address>0x1006200</run_address>
         <size>0x48</size>
         <input_file_ref idref="fl-28"/>
      </object_component>
      <object_component id="oc-6bd">
         <name>.text:DisplayUartMin_vprintf</name>
         <load_address>0x1006248</load_address>
         <run_address>0x1006248</run_address>
         <size>0x46</size>
         <input_file_ref idref="fl-11"/>
      </object_component>
      <object_component id="oc-ae0">
         <name>.text:RingBuf_put</name>
         <load_address>0x100628e</load_address>
         <run_address>0x100628e</run_address>
         <size>0x46</size>
         <input_file_ref idref="fl-19"/>
      </object_component>
      <object_component id="oc-2ad">
         <name>.text:ADC_init</name>
         <load_address>0x10062d4</load_address>
         <run_address>0x10062d4</run_address>
         <size>0x44</size>
         <input_file_ref idref="fl-12"/>
      </object_component>
      <object_component id="oc-819">
         <name>.text:PRCMLPDSRestoreInfoSet</name>
         <load_address>0x1006318</load_address>
         <run_address>0x1006318</run_address>
         <size>0x44</size>
         <input_file_ref idref="fl-2b"/>
      </object_component>
      <object_component id="oc-702">
         <name>.text:PowerCC32XX_enterLPDS</name>
         <load_address>0x100635c</load_address>
         <run_address>0x100635c</run_address>
         <size>0x44</size>
         <input_file_ref idref="fl-15"/>
      </object_component>
      <object_component id="oc-7c2">
         <name>.text:UART_init</name>
         <load_address>0x10063a0</load_address>
         <run_address>0x10063a0</run_address>
         <size>0x44</size>
         <input_file_ref idref="fl-16"/>
      </object_component>
      <object_component id="oc-1a6">
         <name>.text:__TI_auto_init_nobinit_nopinit:__TI_auto_init_nobinit_nopinit</name>
         <load_address>0x10063e4</load_address>
         <run_address>0x10063e4</run_address>
         <size>0x44</size>
         <input_file_ref idref="fl-f8"/>
      </object_component>
      <object_component id="oc-36d">
         <name>.text:prvInitialiseNewQueue</name>
         <load_address>0x1006428</load_address>
         <run_address>0x1006428</run_address>
         <size>0x44</size>
         <input_file_ref idref="fl-20"/>
      </object_component>
      <object_component id="oc-7ab">
         <name>.text</name>
         <load_address>0x100646c</load_address>
         <run_address>0x100646c</run_address>
         <size>0x44</size>
         <input_file_ref idref="fl-ec"/>
      </object_component>
      <object_component id="oc-5b6">
         <name>.text:vTaskStepTick</name>
         <load_address>0x10064b0</load_address>
         <run_address>0x10064b0</run_address>
         <size>0x44</size>
         <input_file_ref idref="fl-21"/>
      </object_component>
      <object_component id="oc-3fe">
         <name>.text:ADC_open</name>
         <load_address>0x10064f4</load_address>
         <run_address>0x10064f4</run_address>
         <size>0x40</size>
         <input_file_ref idref="fl-12"/>
      </object_component>
      <object_component id="oc-326">
         <name>.text:PinModeSet</name>
         <load_address>0x1006534</load_address>
         <run_address>0x1006534</run_address>
         <size>0x40</size>
         <input_file_ref idref="fl-2a"/>
      </object_component>
      <object_component id="oc-9db">
         <name>.text:RingBuf_get</name>
         <load_address>0x1006574</load_address>
         <run_address>0x1006574</run_address>
         <size>0x40</size>
         <input_file_ref idref="fl-19"/>
      </object_component>
      <object_component id="oc-8fc">
         <name>.text:UARTCC32XX_read</name>
         <load_address>0x10065b4</load_address>
         <run_address>0x10065b4</run_address>
         <size>0x40</size>
         <input_file_ref idref="fl-17"/>
      </object_component>
      <object_component id="oc-7c8">
         <name>.text:UART_open</name>
         <load_address>0x10065f4</load_address>
         <run_address>0x10065f4</run_address>
         <size>0x40</size>
         <input_file_ref idref="fl-16"/>
      </object_component>
      <object_component id="oc-92d">
         <name>.text</name>
         <load_address>0x1006634</load_address>
         <run_address>0x1006634</run_address>
         <size>0x40</size>
         <input_file_ref idref="fl-f1"/>
      </object_component>
      <object_component id="oc-773">
         <name>.text:vTaskPlaceOnEventListRestricted</name>
         <load_address>0x1006674</load_address>
         <run_address>0x1006674</run_address>
         <size>0x40</size>
         <input_file_ref idref="fl-21"/>
      </object_component>
      <object_component id="oc-a4e">
         <name>.text:ClockP_callbackFxn</name>
         <load_address>0x10066b4</load_address>
         <run_address>0x10066b4</run_address>
         <size>0x3e</size>
         <input_file_ref idref="fl-1a"/>
      </object_component>
      <object_component id="oc-4ba">
         <name>.text:pthread_setcancelstate</name>
         <load_address>0x10066f2</load_address>
         <run_address>0x10066f2</run_address>
         <size>0x3e</size>
         <input_file_ref idref="fl-27"/>
      </object_component>
      <object_component id="oc-576">
         <name>.text:PRCMSlowClkCtrFastGet</name>
         <load_address>0x1006730</load_address>
         <run_address>0x1006730</run_address>
         <size>0x3c</size>
         <input_file_ref idref="fl-2b"/>
      </object_component>
      <object_component id="oc-962">
         <name>.text:Power_setConstraint</name>
         <load_address>0x100676c</load_address>
         <run_address>0x100676c</run_address>
         <size>0x3c</size>
         <input_file_ref idref="fl-14"/>
      </object_component>
      <object_component id="oc-782">
         <name>.text:prvCopyDataFromQueue</name>
         <load_address>0x10067a8</load_address>
         <run_address>0x10067a8</run_address>
         <size>0x3c</size>
         <input_file_ref idref="fl-20"/>
      </object_component>
      <object_component id="oc-138">
         <name>.text:prvResetNextTaskUnblockTime</name>
         <load_address>0x10067e4</load_address>
         <run_address>0x10067e4</run_address>
         <size>0x3c</size>
         <input_file_ref idref="fl-21"/>
      </object_component>
      <object_component id="oc-75e">
         <name>.text:pvTaskGetThreadLocalStoragePointer</name>
         <load_address>0x1006820</load_address>
         <run_address>0x1006820</run_address>
         <size>0x3c</size>
         <input_file_ref idref="fl-21"/>
      </object_component>
      <object_component id="oc-144">
         <name>.text:vListInsertEnd</name>
         <load_address>0x100685c</load_address>
         <run_address>0x100685c</run_address>
         <size>0x3c</size>
         <input_file_ref idref="fl-28"/>
      </object_component>
      <object_component id="oc-a42">
         <name>.text:xTimerCreate</name>
         <load_address>0x1006898</load_address>
         <run_address>0x1006898</run_address>
         <size>0x3c</size>
         <input_file_ref idref="fl-22"/>
      </object_component>
      <object_component id="oc-71f">
         <name>.text:PRCMLPDSEnterKeepDebugIf</name>
         <load_address>0x10068d4</load_address>
         <run_address>0x10068d4</run_address>
         <size>0x38</size>
         <input_file_ref idref="fl-2b"/>
      </object_component>
      <object_component id="oc-6f0">
         <name>.text:notify</name>
         <load_address>0x100690c</load_address>
         <run_address>0x100690c</run_address>
         <size>0x38</size>
         <input_file_ref idref="fl-14"/>
      </object_component>
      <object_component id="oc-4f4">
         <name>.text:prvGetNextExpireTime</name>
         <load_address>0x1006944</load_address>
         <run_address>0x1006944</run_address>
         <size>0x38</size>
         <input_file_ref idref="fl-22"/>
      </object_component>
      <object_component id="oc-5f2">
         <name>.text:prvTaskExitError</name>
         <load_address>0x100697c</load_address>
         <run_address>0x100697c</run_address>
         <size>0x38</size>
         <input_file_ref idref="fl-23"/>
      </object_component>
      <object_component id="oc-908">
         <name>.text:UARTCC32XX_readCancel</name>
         <load_address>0x10069b4</load_address>
         <run_address>0x10069b4</run_address>
         <size>0x36</size>
         <input_file_ref idref="fl-17"/>
      </object_component>
      <object_component id="oc-320">
         <name>.text:PinModeGet</name>
         <load_address>0x10069ec</load_address>
         <run_address>0x10069ec</run_address>
         <size>0x34</size>
         <input_file_ref idref="fl-2a"/>
      </object_component>
      <object_component id="oc-955">
         <name>.text:PowerCC32XX_restoreParkState</name>
         <load_address>0x1006a20</load_address>
         <run_address>0x1006a20</run_address>
         <size>0x34</size>
         <input_file_ref idref="fl-14"/>
      </object_component>
      <object_component id="oc-7d7">
         <name>.text:SemaphoreP_pend</name>
         <load_address>0x1006a54</load_address>
         <run_address>0x1006a54</run_address>
         <size>0x34</size>
         <input_file_ref idref="fl-1d"/>
      </object_component>
      <object_component id="oc-654">
         <name>.text:prvSampleTimeNow</name>
         <load_address>0x1006a88</load_address>
         <run_address>0x1006a88</run_address>
         <size>0x34</size>
         <input_file_ref idref="fl-22"/>
      </object_component>
      <object_component id="oc-62b">
         <name>.text:vTaskPlaceOnEventList</name>
         <load_address>0x1006abc</load_address>
         <run_address>0x1006abc</run_address>
         <size>0x34</size>
         <input_file_ref idref="fl-21"/>
      </object_component>
      <object_component id="oc-828">
         <name>.text:PowerCC32XX_restoreParkedPin</name>
         <load_address>0x1006af0</load_address>
         <run_address>0x1006af0</run_address>
         <size>0x30</size>
         <input_file_ref idref="fl-14"/>
      </object_component>
      <object_component id="oc-4df">
         <name>.text:vListInitialise</name>
         <load_address>0x1006b20</load_address>
         <run_address>0x1006b20</run_address>
         <size>0x30</size>
         <input_file_ref idref="fl-28"/>
      </object_component>
      <object_component id="oc-390">
         <name>.text:vPortExitCritical</name>
         <load_address>0x1006b50</load_address>
         <run_address>0x1006b50</run_address>
         <size>0x30</size>
         <input_file_ref idref="fl-23"/>
      </object_component>
      <object_component id="oc-26c">
         <name>.text:xTaskGetSchedulerState</name>
         <load_address>0x1006b80</load_address>
         <run_address>0x1006b80</run_address>
         <size>0x30</size>
         <input_file_ref idref="fl-21"/>
      </object_component>
      <object_component id="oc-8b9">
         <name>.text:putChar</name>
         <load_address>0x1006bb0</load_address>
         <run_address>0x1006bb0</run_address>
         <size>0x2e</size>
         <input_file_ref idref="fl-1e"/>
      </object_component>
      <object_component id="oc-ad2">
         <name>.text:pvTimerGetTimerID</name>
         <load_address>0x1006bde</load_address>
         <run_address>0x1006bde</run_address>
         <size>0x2e</size>
         <input_file_ref idref="fl-22"/>
      </object_component>
      <object_component id="oc-8cf">
         <name>.text</name>
         <load_address>0x1006c0c</load_address>
         <run_address>0x1006c0c</run_address>
         <size>0x2e</size>
         <input_file_ref idref="fl-ed"/>
      </object_component>
      <object_component id="oc-3d6">
         <name>.text:HwiP_disable</name>
         <load_address>0x1006c3c</load_address>
         <run_address>0x1006c3c</run_address>
         <size>0x2c</size>
         <input_file_ref idref="fl-1b"/>
      </object_component>
      <object_component id="oc-59f">
         <name>.text:PRCMLPDSIntervalSet</name>
         <load_address>0x1006c68</load_address>
         <run_address>0x1006c68</run_address>
         <size>0x2c</size>
         <input_file_ref idref="fl-2b"/>
      </object_component>
      <object_component id="oc-97c">
         <name>.text:PowerCC32XX_getParkState</name>
         <load_address>0x1006c94</load_address>
         <run_address>0x1006c94</run_address>
         <size>0x2c</size>
         <input_file_ref idref="fl-14"/>
      </object_component>
      <object_component id="oc-7bc">
         <name>.text:SemaphoreP_createBinary</name>
         <load_address>0x1006cc0</load_address>
         <run_address>0x1006cc0</run_address>
         <size>0x2c</size>
         <input_file_ref idref="fl-1d"/>
      </object_component>
      <object_component id="oc-27e">
         <name>.text:vTaskSetApplicationTaskTag</name>
         <load_address>0x1006cec</load_address>
         <run_address>0x1006cec</run_address>
         <size>0x2c</size>
         <input_file_ref idref="fl-21"/>
      </object_component>
      <object_component id="oc-71">
         <name>.text:xPortSysTickHandler</name>
         <load_address>0x1006d18</load_address>
         <run_address>0x1006d18</run_address>
         <size>0x2c</size>
         <input_file_ref idref="fl-23"/>
      </object_component>
      <object_component id="oc-2bf">
         <name>.text:Display_doPrintf</name>
         <load_address>0x1006d44</load_address>
         <run_address>0x1006d44</run_address>
         <size>0x2a</size>
         <input_file_ref idref="fl-10"/>
      </object_component>
      <object_component id="oc-2b3">
         <name>.text:Display_doInit</name>
         <load_address>0x1006d70</load_address>
         <run_address>0x1006d70</run_address>
         <size>0x28</size>
         <input_file_ref idref="fl-10"/>
      </object_component>
      <object_component id="oc-861">
         <name>.text:HwiP_inISR</name>
         <load_address>0x1006d98</load_address>
         <run_address>0x1006d98</run_address>
         <size>0x28</size>
         <input_file_ref idref="fl-1b"/>
      </object_component>
      <object_component id="oc-5a5">
         <name>.text:PRCMLPDSWakeupSourceEnable</name>
         <load_address>0x1006dc0</load_address>
         <run_address>0x1006dc0</run_address>
         <size>0x28</size>
         <input_file_ref idref="fl-2b"/>
      </object_component>
      <object_component id="oc-31a">
         <name>.text:PRCMPeripheralClkDisable</name>
         <load_address>0x1006de8</load_address>
         <run_address>0x1006de8</run_address>
         <size>0x28</size>
         <input_file_ref idref="fl-2b"/>
      </object_component>
      <object_component id="oc-988">
         <name>.text:Power_registerNotify</name>
         <load_address>0x1006e10</load_address>
         <run_address>0x1006e10</run_address>
         <size>0x28</size>
         <input_file_ref idref="fl-14"/>
      </object_component>
      <object_component id="oc-16b">
         <name>.text:pthread_attr_setschedparam</name>
         <load_address>0x1006e38</load_address>
         <run_address>0x1006e38</run_address>
         <size>0x28</size>
         <input_file_ref idref="fl-27"/>
      </object_component>
      <object_component id="oc-609">
         <name>.text:xTaskGetApplicationTaskTag</name>
         <load_address>0x1006e60</load_address>
         <run_address>0x1006e60</run_address>
         <size>0x28</size>
         <input_file_ref idref="fl-21"/>
      </object_component>
      <object_component id="oc-a1a">
         <name>.text:List_put</name>
         <load_address>0x1006e88</load_address>
         <run_address>0x1006e88</run_address>
         <size>0x26</size>
         <input_file_ref idref="fl-18"/>
      </object_component>
      <object_component id="oc-a09">
         <name>.text:List_remove</name>
         <load_address>0x1006eae</load_address>
         <run_address>0x1006eae</run_address>
         <size>0x26</size>
         <input_file_ref idref="fl-18"/>
      </object_component>
      <object_component id="oc-4c0">
         <name>.text:_pthread_cleanup_pop</name>
         <load_address>0x1006ed4</load_address>
         <run_address>0x1006ed4</run_address>
         <size>0x26</size>
         <input_file_ref idref="fl-27"/>
      </object_component>
      <object_component id="oc-625">
         <name>.text:prvIsQueueFull</name>
         <load_address>0x1006efa</load_address>
         <run_address>0x1006efa</run_address>
         <size>0x26</size>
         <input_file_ref idref="fl-20"/>
      </object_component>
      <object_component id="oc-9fd">
         <name>.text:IntUnregister</name>
         <load_address>0x1006f20</load_address>
         <run_address>0x1006f20</run_address>
         <size>0x24</size>
         <input_file_ref idref="fl-29"/>
      </object_component>
      <object_component id="oc-b3">
         <name>.text:_c_int00_noargs:_c_int00_noargs</name>
         <load_address>0x1006f44</load_address>
         <run_address>0x1006f44</run_address>
         <size>0x24</size>
         <input_file_ref idref="fl-f6"/>
      </object_component>
      <object_component id="oc-8ac">
         <name>.text:prvGetDisinheritPriorityAfterTimeout</name>
         <load_address>0x1006f68</load_address>
         <run_address>0x1006f68</run_address>
         <size>0x24</size>
         <input_file_ref idref="fl-20"/>
      </object_component>
      <object_component id="oc-284">
         <name>.text:vQueueDelete</name>
         <load_address>0x1006f8c</load_address>
         <run_address>0x1006f8c</run_address>
         <size>0x24</size>
         <input_file_ref idref="fl-20"/>
      </object_component>
      <object_component id="oc-619">
         <name>.text:vTaskInternalSetTimeOutState</name>
         <load_address>0x1006fb0</load_address>
         <run_address>0x1006fb0</run_address>
         <size>0x24</size>
         <input_file_ref idref="fl-21"/>
      </object_component>
      <object_component id="oc-7ef">
         <name>.text:SemaphoreP_post</name>
         <load_address>0x1006fd4</load_address>
         <run_address>0x1006fd4</run_address>
         <size>0x22</size>
         <input_file_ref idref="fl-1d"/>
      </object_component>
      <object_component id="oc-7dd">
         <name>.text:SystemP_vsnprintf</name>
         <load_address>0x1006ff6</load_address>
         <run_address>0x1006ff6</run_address>
         <size>0x22</size>
         <input_file_ref idref="fl-1e"/>
      </object_component>
      <object_component id="oc-171">
         <name>.text:pthread_attr_setdetachstate</name>
         <load_address>0x1007018</load_address>
         <run_address>0x1007018</run_address>
         <size>0x22</size>
         <input_file_ref idref="fl-27"/>
      </object_component>
      <object_component id="oc-68e">
         <name>.text:ADCCC32XX_convertToMicroVolts</name>
         <load_address>0x100703c</load_address>
         <run_address>0x100703c</run_address>
         <size>0x20</size>
         <input_file_ref idref="fl-13"/>
      </object_component>
      <object_component id="oc-a55">
         <name>.text:ClockP_getCpuFreq</name>
         <load_address>0x100705c</load_address>
         <run_address>0x100705c</run_address>
         <size>0x20</size>
         <input_file_ref idref="fl-1a"/>
      </object_component>
      <object_component id="oc-3dc">
         <name>.text:HwiP_restore</name>
         <load_address>0x100707c</load_address>
         <run_address>0x100707c</run_address>
         <size>0x20</size>
         <input_file_ref idref="fl-1b"/>
      </object_component>
      <object_component id="oc-a23">
         <name>.text:IntRegister</name>
         <load_address>0x100709c</load_address>
         <run_address>0x100709c</run_address>
         <size>0x20</size>
         <input_file_ref idref="fl-29"/>
      </object_component>
      <object_component id="oc-949">
         <name>.text:Power_unregisterNotify</name>
         <load_address>0x10070bc</load_address>
         <run_address>0x10070bc</run_address>
         <size>0x20</size>
         <input_file_ref idref="fl-14"/>
      </object_component>
      <object_component id="oc-95c">
         <name>.text:RingBuf_peek</name>
         <load_address>0x10070dc</load_address>
         <run_address>0x10070dc</run_address>
         <size>0x20</size>
         <input_file_ref idref="fl-19"/>
      </object_component>
      <object_component id="oc-970">
         <name>.text:getPowerMgrId</name>
         <load_address>0x10070fc</load_address>
         <run_address>0x10070fc</run_address>
         <size>0x20</size>
         <input_file_ref idref="fl-17"/>
      </object_component>
      <object_component id="oc-788">
         <name>.text:prvIsQueueEmpty</name>
         <load_address>0x100711c</load_address>
         <run_address>0x100711c</run_address>
         <size>0x20</size>
         <input_file_ref idref="fl-20"/>
      </object_component>
      <object_component id="oc-7a1">
         <name>.text</name>
         <load_address>0x100713c</load_address>
         <run_address>0x100713c</run_address>
         <size>0x20</size>
         <input_file_ref idref="fl-f0"/>
      </object_component>
      <object_component id="oc-a48">
         <name>.text:ClockP_start</name>
         <load_address>0x100715c</load_address>
         <run_address>0x100715c</run_address>
         <size>0x1e</size>
         <input_file_ref idref="fl-1a"/>
      </object_component>
      <object_component id="oc-98e">
         <name>.text:HwiP_Params_init</name>
         <load_address>0x100717a</load_address>
         <run_address>0x100717a</run_address>
         <size>0x1e</size>
         <input_file_ref idref="fl-1b"/>
      </object_component>
      <object_component id="oc-293">
         <name>.text:_pthread_runStub</name>
         <load_address>0x1007198</load_address>
         <run_address>0x1007198</run_address>
         <size>0x1e</size>
         <input_file_ref idref="fl-27"/>
      </object_component>
      <object_component id="oc-9a6">
         <name>.text:ClockP_Params_init</name>
         <load_address>0x10071b6</load_address>
         <run_address>0x10071b6</run_address>
         <size>0x1c</size>
         <input_file_ref idref="fl-1a"/>
      </object_component>
      <object_component id="oc-795">
         <name>.text:PinToPadGet</name>
         <load_address>0x10071d4</load_address>
         <run_address>0x10071d4</run_address>
         <size>0x1c</size>
         <input_file_ref idref="fl-2a"/>
      </object_component>
      <object_component id="oc-165">
         <name>.text:pthread_attr_init</name>
         <load_address>0x10071f0</load_address>
         <run_address>0x10071f0</run_address>
         <size>0x1c</size>
         <input_file_ref idref="fl-27"/>
      </object_component>
      <object_component id="oc-8a0">
         <name>.text:pvTaskIncrementMutexHeldCount</name>
         <load_address>0x100720c</load_address>
         <run_address>0x100720c</run_address>
         <size>0x1c</size>
         <input_file_ref idref="fl-21"/>
      </object_component>
      <object_component id="oc-639">
         <name>.text:PTLS_taskDeleteHook</name>
         <load_address>0x1007228</load_address>
         <run_address>0x1007228</run_address>
         <size>0x1a</size>
         <input_file_ref idref="fl-26"/>
      </object_component>
      <object_component id="oc-3b2">
         <name>.text:prvTimerTask</name>
         <load_address>0x1007242</load_address>
         <run_address>0x1007242</run_address>
         <size>0x1a</size>
         <input_file_ref idref="fl-22"/>
      </object_component>
      <object_component id="oc-515">
         <name>.text:Power_idleFunc</name>
         <load_address>0x100725c</load_address>
         <run_address>0x100725c</run_address>
         <size>0x18</size>
         <input_file_ref idref="fl-14"/>
      </object_component>
      <object_component id="oc-9e3">
         <name>.text:UARTBusy</name>
         <load_address>0x1007274</load_address>
         <run_address>0x1007274</run_address>
         <size>0x18</size>
         <input_file_ref idref="fl-2d"/>
      </object_component>
      <object_component id="oc-a98">
         <name>.text:UARTIntEnable</name>
         <load_address>0x100728c</load_address>
         <run_address>0x100728c</run_address>
         <size>0x18</size>
         <input_file_ref idref="fl-2d"/>
      </object_component>
      <object_component id="oc-7b6">
         <name>.text:UART_Params_init</name>
         <load_address>0x10072a4</load_address>
         <run_address>0x10072a4</run_address>
         <size>0x18</size>
         <input_file_ref idref="fl-16"/>
      </object_component>
      <object_component id="oc-5b1">
         <name>.text</name>
         <load_address>0x10072bc</load_address>
         <run_address>0x10072bc</run_address>
         <size>0x18</size>
         <input_file_ref idref="fl-ee"/>
      </object_component>
      <object_component id="oc-aed">
         <name>.text:ClockP_setTimeout</name>
         <load_address>0x10072d4</load_address>
         <run_address>0x10072d4</run_address>
         <size>0x16</size>
         <input_file_ref idref="fl-1a"/>
      </object_component>
      <object_component id="oc-6c3">
         <name>.text:DisplayUartMin_close</name>
         <load_address>0x10072ea</load_address>
         <run_address>0x10072ea</run_address>
         <size>0x16</size>
         <input_file_ref idref="fl-11"/>
      </object_component>
      <object_component id="oc-308">
         <name>.text:PRCMHIBRegRead</name>
         <load_address>0x1007300</load_address>
         <run_address>0x1007300</run_address>
         <size>0x16</size>
         <input_file_ref idref="fl-2b"/>
      </object_component>
      <object_component id="oc-302">
         <name>.text:PRCMHIBRegWrite</name>
         <load_address>0x1007316</load_address>
         <run_address>0x1007316</run_address>
         <size>0x16</size>
         <input_file_ref idref="fl-2b"/>
      </object_component>
      <object_component id="oc-99a">
         <name>.text:SemaphoreP_Params_init</name>
         <load_address>0x100732c</load_address>
         <run_address>0x100732c</run_address>
         <size>0x16</size>
         <input_file_ref idref="fl-1d"/>
      </object_component>
      <object_component id="oc-1d">
         <name>.text:resetISR</name>
         <load_address>0x1007344</load_address>
         <run_address>0x1007344</run_address>
         <size>0x16</size>
         <input_file_ref idref="fl-25"/>
      </object_component>
      <object_component id="oc-f9">
         <name>.text:CPUcpsie</name>
[...]
      </symbol>
      <symbol id="sm-d45">
         <name>xTaskResumeAll</name>
         <value>0x1002761</value>
         <object_component_ref idref="oc-28a"/>
      </symbol>
      <symbol id="sm-d46">
         <name>vTaskSetApplicationTaskTag</name>
         <value>0x1006ced</value>
         <object_component_ref idref="oc-27e"/>
      </symbol>
      <symbol id="sm-d47">
         <name>xTaskGetTickCount</name>
         <value>0x1007425</value>
         <object_component_ref idref="oc-766"/>
      </symbol>
      <symbol id="sm-d48">
         <name>vTaskDelete</name>
         <value>0x1002d8d</value>
         <object_component_ref idref="oc-4d8"/>
      </symbol>
      <symbol id="sm-d49">
         <name>xTaskGetApplicationTaskTag</name>
         <value>0x1006e61</value>
         <object_component_ref idref="oc-609"/>
      </symbol>
      <symbol id="sm-d4a">
         <name>pxCurrentTCB</name>
         <value>0x20009504</value>
         <object_component_ref idref="oc-c9"/>
      </symbol>
      <symbol id="sm-d4b">
         <name>vTaskSuspend</name>
         <value>0x1002c91</value>
         <object_component_ref idref="oc-4d2"/>
      </symbol>
      <symbol id="sm-d4c">
         <name>vTaskPlaceOnEventListRestricted</name>
         <value>0x1006675</value>
         <object_component_ref idref="oc-773"/>
      </symbol>
      <symbol id="sm-d4d">
         <name>xTaskIncrementTick</name>
         <value>0x1002185</value>
         <object_component_ref idref="oc-d6"/>
      </symbol>
      <symbol id="sm-d4e">
         <name>vTaskSwitchContext</name>
         <value>0x1003231</value>
         <object_component_ref idref="oc-cf"/>
      </symbol>
      <symbol id="sm-d4f">
         <name>xTaskGetSchedulerState</name>
         <value>0x1006b81</value>
         <object_component_ref idref="oc-26c"/>
      </symbol>
      <symbol id="sm-d50">
         <name>xTaskGetCurrentTaskHandle</name>
         <value>0x1007411</value>
         <object_component_ref idref="oc-603"/>
      </symbol>
      <symbol id="sm-d51">
         <name>xTaskRemoveFromEventList</name>
         <value>0x1004459</value>
         <object_component_ref idref="oc-5ea"/>
      </symbol>
      <symbol id="sm-d52">
         <name>eTaskConfirmSleepModeStatus</name>
         <value>0x1005ae9</value>
         <object_component_ref idref="oc-582"/>
      </symbol>
      <symbol id="sm-d53">
         <name>xTaskPriorityInherit</name>
         <value>0x1003069</value>
         <object_component_ref idref="oc-8a6"/>
      </symbol>
      <symbol id="sm-e57">
         <name>xTimerCreateTimerTask</name>
         <value>0x1005d45</value>
         <object_component_ref idref="oc-29a"/>
      </symbol>
      <symbol id="sm-e58">
         <name>xTimerCreate</name>
         <value>0x1006899</value>
         <object_component_ref idref="oc-a42"/>
      </symbol>
      <symbol id="sm-e59">
         <name>xTimerGenericCommand</name>
         <value>0x1004d0d</value>
         <object_component_ref idref="oc-669"/>
      </symbol>
      <symbol id="sm-e5a">
         <name>pvTimerGetTimerID</name>
         <value>0x1006bdf</value>
         <object_component_ref idref="oc-ad2"/>
      </symbol>
      <symbol id="sm-eee">
         <name>ulMaxSyscallInterruptPriority</name>
         <value>0x1007a08</value>
         <object_component_ref idref="oc-cc"/>
      </symbol>
      <symbol id="sm-eef">
         <name>vPortSetupTimerInterrupt</name>
         <value>0x1005b41</value>
         <object_component_ref idref="oc-3b9"/>
      </symbol>
      <symbol id="sm-ef0">
         <name>xPortSysTickHandler</name>
         <value>0x1006d19</value>
         <object_component_ref idref="oc-71"/>
      </symbol>
      <symbol id="sm-ef1">
         <name>vPortValidateInterruptPriority</name>
         <value>0x10052c9</value>
         <object_component_ref idref="oc-842"/>
      </symbol>
      <symbol id="sm-ef2">
         <name>pxPortInitialiseStack</name>
         <value>0x1005ded</value>
         <object_component_ref idref="oc-4a2"/>
      </symbol>
      <symbol id="sm-ef3">
         <name>vPortExitCritical</name>
         <value>0x1006b51</value>
         <object_component_ref idref="oc-390"/>
      </symbol>
      <symbol id="sm-ef4">
         <name>xPortStartScheduler</name>
         <value>0x1003709</value>
         <object_component_ref idref="oc-2a0"/>
      </symbol>
      <symbol id="sm-ef5">
         <name>vPortEnterCritical</name>
         <value>0x1005fb9</value>
         <object_component_ref idref="oc-38a"/>
      </symbol>
      <symbol id="sm-f04">
         <name>vPortStartFirstTask</name>
         <value>0x1003b55</value>
         <object_component_ref idref="oc-6c"/>
      </symbol>
      <symbol id="sm-f05">
         <name>ulPortGetIPSR</name>
         <value>0x1003acd</value>
         <object_component_ref idref="oc-6c"/>
      </symbol>
      <symbol id="sm-f06">
         <name>xPortPendSVHandler</name>
         <value>0x1003ae5</value>
         <object_component_ref idref="oc-6c"/>
      </symbol>
      <symbol id="sm-f07">
         <name>vPortSVCHandler</name>
         <value>0x1003b31</value>
         <object_component_ref idref="oc-6c"/>
      </symbol>
      <symbol id="sm-f5d">
         <name>resetISR</name>
         <value>0x1007345</value>
         <object_component_ref idref="oc-1d"/>
      </symbol>
      <symbol id="sm-f5e">
         <name>resetVectorAddr</name>
         <value>0x1007354</value>
         <object_component_ref idref="oc-1d"/>
      </symbol>
      <symbol id="sm-f5f">
         <name>initVectors</name>
         <value>0x1005e89</value>
         <object_component_ref idref="oc-4c"/>
      </symbol>
      <symbol id="sm-f60">
         <name>resetVectors</name>
         <value>0x1000800</value>
         <object_component_ref idref="oc-23"/>
      </symbol>
      <symbol id="sm-f6e">
         <name>PTLS_taskDeleteHook</name>
         <value>0x1007229</value>
         <object_component_ref idref="oc-639"/>
      </symbol>
      <symbol id="sm-1015">
         <name>pthread_create</name>
         <value>0x10022c1</value>
         <object_component_ref idref="oc-17d"/>
      </symbol>
      <symbol id="sm-1016">
         <name>pthread_attr_init</name>
         <value>0x10071f1</value>
         <object_component_ref idref="oc-165"/>
      </symbol>
      <symbol id="sm-1017">
         <name>pthread_self</name>
         <value>0x10073c1</value>
         <object_component_ref idref="oc-4b4"/>
      </symbol>
      <symbol id="sm-1018">
         <name>pthread_attr_setschedparam</name>
         <value>0x1006e39</value>
         <object_component_ref idref="oc-16b"/>
      </symbol>
      <symbol id="sm-1019">
         <name>pthread_attr_setdetachstate</name>
         <value>0x1007019</value>
         <object_component_ref idref="oc-171"/>
      </symbol>
      <symbol id="sm-101a">
         <name>pthread_attr_setstacksize</name>
         <value>0x10073ad</value>
         <object_component_ref idref="oc-177"/>
      </symbol>
      <symbol id="sm-101b">
         <name>pthread_setcancelstate</name>
         <value>0x10066f3</value>
         <object_component_ref idref="oc-4ba"/>
      </symbol>
      <symbol id="sm-101c">
         <name>_pthread_cleanup_pop</name>
         <value>0x1006ed5</value>
         <object_component_ref idref="oc-4c0"/>
      </symbol>
      <symbol id="sm-101d">
         <name>pthread_exit</name>
         <value>0x1005981</value>
         <object_component_ref idref="oc-39f"/>
      </symbol>
      <symbol id="sm-104f">
         <name>uxListRemove</name>
         <value>0x1006201</value>
         <object_component_ref idref="oc-13e"/>
      </symbol>
      <symbol id="sm-1050">
         <name>vListInsert</name>
         <value>0x100554b</value>
         <object_component_ref idref="oc-74a"/>
      </symbol>
      <symbol id="sm-1051">
         <name>vListInitialiseItem</name>
         <value>0x10074ad</value>
         <object_component_ref idref="oc-49c"/>
      </symbol>
      <symbol id="sm-1052">
         <name>vListInsertEnd</name>
         <value>0x100685d</value>
         <object_component_ref idref="oc-144"/>
      </symbol>
      <symbol id="sm-1053">
         <name>vListInitialise</name>
         <value>0x1006b21</value>
         <object_component_ref idref="oc-4df"/>
      </symbol>
      <symbol id="sm-10ca">
         <name>IntPrioritySet</name>
         <value>0x1005c9d</value>
         <object_component_ref idref="oc-a29"/>
      </symbol>
      <symbol id="sm-10cb">
         <name>IntVTableBaseSet</name>
         <value>0x1007371</value>
         <object_component_ref idref="oc-97"/>
      </symbol>
      <symbol id="sm-10cc">
         <name>IntEnable</name>
         <value>0x10041b9</value>
         <object_component_ref idref="oc-a3"/>
      </symbol>
      <symbol id="sm-10cd">
         <name>IntDisable</name>
         <value>0x1004111</value>
         <object_component_ref idref="oc-9f7"/>
      </symbol>
      <symbol id="sm-10ce">
         <name>IntRegister</name>
         <value>0x100709d</value>
         <object_component_ref idref="oc-a23"/>
      </symbol>
      <symbol id="sm-10cf">
         <name>IntUnregister</name>
         <value>0x1006f21</value>
         <object_component_ref idref="oc-9fd"/>
      </symbol>
      <symbol id="sm-10d0">
         <name>IntMasterEnable</name>
         <value>0x1007569</value>
         <object_component_ref idref="oc-9d"/>
      </symbol>
      <symbol id="sm-110a">
         <name>PinModeGet</name>
         <value>0x10069ed</value>
         <object_component_ref idref="oc-320"/>
      </symbol>
      <symbol id="sm-110b">
         <name>PinConfigSet</name>
         <value>0x1004a6d</value>
         <object_component_ref idref="oc-78f"/>
      </symbol>
      <symbol id="sm-110c">
         <name>PinModeSet</name>
         <value>0x1006535</value>
         <object_component_ref idref="oc-326"/>
      </symbol>
      <symbol id="sm-110d">
         <name>PinToPadGet</name>
         <value>0x10071d5</value>
         <object_component_ref idref="oc-795"/>
      </symbol>
      <symbol id="sm-11ff">
         <name>PRCMLPDSWakeupSourceEnable</name>
         <value>0x1006dc1</value>
         <object_component_ref idref="oc-5a5"/>
      </symbol>
      <symbol id="sm-1200">
         <name>PRCMLPDSRestoreInfoSet</name>
         <value>0x1006319</value>
         <object_component_ref idref="oc-819"/>
      </symbol>
      <symbol id="sm-1201">
         <name>PRCMPeripheralReset</name>
         <value>0x1005a39</value>
         <object_component_ref idref="oc-314"/>
      </symbol>
      <symbol id="sm-1202">
         <name>PRCMLPDSEnter</name>
         <value>0x10060e1</value>
         <object_component_ref idref="oc-719"/>
      </symbol>
      <symbol id="sm-1203">
         <name>PRCMPeripheralClkEnable</name>
         <value>0x1006129</value>
         <object_component_ref idref="oc-30e"/>
      </symbol>
      <symbol id="sm-1204">
         <name>PRCMSlowClkCtrFastGet</name>
         <value>0x1006731</value>
         <object_component_ref idref="oc-576"/>
      </symbol>
      <symbol id="sm-1205">
         <name>PRCMLPDSEnterKeepDebugIf</name>
         <value>0x10068d5</value>
         <object_component_ref idref="oc-71f"/>
      </symbol>
      <symbol id="sm-1206">
         <name>PRCMCC3200MCUInit</name>
         <value>0x1000ce5</value>
         <object_component_ref idref="oc-23f"/>
      </symbol>
      <symbol id="sm-1207">
         <name>PRCMHIBRegWrite</name>
         <value>0x1007317</value>
         <object_component_ref idref="oc-302"/>
      </symbol>
      <symbol id="sm-1208">
         <name>PRCMLPDSIntervalSet</name>
         <value>0x1006c69</value>
         <object_component_ref idref="oc-59f"/>
      </symbol>
      <symbol id="sm-1209">
         <name>PRCMSysResetCauseGet</name>
         <value>0x1005869</value>
         <object_component_ref idref="oc-2fb"/>
      </symbol>
      <symbol id="sm-120a">
         <name>PRCMSleepEnter</name>
         <value>0x10075a3</value>
         <object_component_ref idref="oc-5bc"/>
      </symbol>
      <symbol id="sm-120b">
         <name>PRCMPeripheralClkDisable</name>
         <value>0x1006de9</value>
         <object_component_ref idref="oc-31a"/>
      </symbol>
      <symbol id="sm-120c">
         <name>PRCMHIBRegRead</name>
         <value>0x1007301</value>
         <object_component_ref idref="oc-308"/>
      </symbol>
      <symbol id="sm-1222">
         <name>SysTickEnable</name>
         <value>0x100748d</value>
         <object_component_ref idref="oc-588"/>
      </symbol>
      <symbol id="sm-1223">
         <name>SysTickDisable</name>
         <value>0x100747d</value>
         <object_component_ref idref="oc-57c"/>
      </symbol>
      <symbol id="sm-1237">
         <name>UARTBusy</name>
         <value>0x1007275</value>
         <object_component_ref idref="oc-9e3"/>
      </symbol>
      <symbol id="sm-1238">
         <name>UARTIntEnable</name>
         <value>0x100728d</value>
         <object_component_ref idref="oc-a98"/>
      </symbol>
      <symbol id="sm-123c">
         <name>UtilsDelay</name>
         <value>0x10075cd</value>
         <object_component_ref idref="oc-301"/>
      </symbol>
      <symbol id="sm-124e">
         <name>CPUcpsie</name>
         <value>0x100735b</value>
         <object_component_ref idref="oc-f9"/>
      </symbol>
      <symbol id="sm-124f">
         <name>CPUwfi</name>
         <value>0x10074f7</value>
         <object_component_ref idref="oc-728"/>
      </symbol>
      <symbol id="sm-125f">
         <name>FlashDisable</name>
         <value>0x1006051</value>
         <object_component_ref idref="oc-82f"/>
      </symbol>
      <symbol id="sm-126c">
         <name>__aeabi_uldivmod</name>
         <value>0x100481d</value>
         <object_component_ref idref="oc-59a"/>
      </symbol>
      <symbol id="sm-127b">
         <name>__aeabi_memset</name>
         <value>0x1004f89</value>
         <object_component_ref idref="oc-91"/>
      </symbol>
      <symbol id="sm-127c">
         <name>memset</name>
         <value>0x1004f8f</value>
         <object_component_ref idref="oc-91"/>
      </symbol>
      <symbol id="sm-127d">
         <name>__aeabi_memset8</name>
         <value>0x1004f89</value>
         <object_component_ref idref="oc-91"/>
      </symbol>
      <symbol id="sm-127e">
         <name>__aeabi_memset4</name>
         <value>0x1004f89</value>
         <object_component_ref idref="oc-91"/>
      </symbol>
      <symbol id="sm-127f">
         <name>__aeabi_memclr8</name>
         <value>0x1004f87</value>
         <object_component_ref idref="oc-91"/>
      </symbol>
      <symbol id="sm-1280">
         <name>__aeabi_memclr4</name>
         <value>0x1004f87</value>
         <object_component_ref idref="oc-91"/>
      </symbol>
      <symbol id="sm-1281">
         <name>__aeabi_memclr</name>
         <value>0x1004f87</value>
         <object_component_ref idref="oc-91"/>
      </symbol>
      <symbol id="sm-1298">
         <name>__aeabi_dsub</name>
         <value>0x1001715</value>
         <object_component_ref idref="oc-8d4"/>
      </symbol>
      <symbol id="sm-1299">
         <name>__aeabi_dadd</name>
         <value>0x100171f</value>
         <object_component_ref idref="oc-8d4"/>
      </symbol>
      <symbol id="sm-12ab">
         <name>__aeabi_cdcmpeq</name>
         <value>0x1004b7d</value>
         <object_component_ref idref="oc-8c5"/>
      </symbol>
      <symbol id="sm-12ac">
         <name>__aeabi_cdcmple</name>
         <value>0x1004b7d</value>
         <object_component_ref idref="oc-8c5"/>
      </symbol>
      <symbol id="sm-12b7">
         <name>__aeabi_dmul</name>
         <value>0x1002b95</value>
         <object_component_ref idref="oc-7a6"/>
      </symbol>
      <symbol id="sm-12c1">
         <name>__aeabi_d2iz</name>
         <value>0x10061b9</value>
         <object_component_ref idref="oc-8ca"/>
      </symbol>
      <symbol id="sm-12cb">
         <name>__aeabi_d2uiz</name>
         <value>0x100646d</value>
         <object_component_ref idref="oc-7ab"/>
      </symbol>
      <symbol id="sm-12d5">
         <name>__aeabi_i2d</name>
         <value>0x1006c0d</value>
         <object_component_ref idref="oc-8cf"/>
      </symbol>
      <symbol id="sm-12de">
         <name>__aeabi_lmul</name>
         <value>0x10072bd</value>
         <object_component_ref idref="oc-5b1"/>
      </symbol>
      <symbol id="sm-12f9">
         <name>memcpy</name>
         <value>0x10046e5</value>
         <object_component_ref idref="oc-34"/>
      </symbol>
      <symbol id="sm-12fa">
         <name>__aeabi_memcpy</name>
         <value>0x10046e5</value>
         <object_component_ref idref="oc-34"/>
      </symbol>
      <symbol id="sm-12fb">
         <name>__aeabi_memcpy8</name>
         <value>0x10046e5</value>
         <object_component_ref idref="oc-34"/>
      </symbol>
      <symbol id="sm-12fc">
         <name>__aeabi_memcpy4</name>
         <value>0x10046e5</value>
         <object_component_ref idref="oc-34"/>
      </symbol>
      <symbol id="sm-1306">
         <name>__aeabi_ui2d</name>
         <value>0x100713d</value>
         <object_component_ref idref="oc-7a1"/>
      </symbol>
      <symbol id="sm-1315">
         <name>__aeabi_uidivmod</name>
         <value>0x1006635</value>
         <object_component_ref idref="oc-92d"/>
      </symbol>
      <symbol id="sm-1316">
         <name>__aeabi_uidiv</name>
         <value>0x1006635</value>
         <object_component_ref idref="oc-92d"/>
      </symbol>
      <symbol id="sm-1328">
         <name>__TI_zero_init</name>
         <value>0x100751d</value>
         <object_component_ref idref="oc-46"/>
      </symbol>
      <symbol id="sm-133f">
         <name>__TI_decompress_none</name>
         <value>0x10074e9</value>
         <object_component_ref idref="oc-16"/>
      </symbol>
      <symbol id="sm-1362">
         <name>__TI_decompress_lzss</name>
         <value>0x1005417</value>
         <object_component_ref idref="oc-10"/>
      </symbol>
      <symbol id="sm-1370">
         <name>strlen</name>
         <value>0x10073e9</value>
         <object_component_ref idref="oc-7e3"/>
      </symbol>
      <symbol id="sm-1382">
         <name>__stack</name>
         <value>0x2003fc00</value>
         <object_component_ref idref="oc-26"/>
      </symbol>
      <symbol id="sm-1383">
         <name>_c_int00_noargs</name>
         <value>0x1006f45</value>
         <object_component_ref idref="oc-b3"/>
      </symbol>
      <symbol id="sm-138d">
         <name>__aeabi_idiv0</name>
         <value>0x1005c47</value>
         <object_component_ref idref="oc-6e8"/>
      </symbol>
      <symbol id="sm-138e">
         <name>__aeabi_ldiv0</name>
         <value>0x1005c47</value>
         <object_component_ref idref="oc-6e8"/>
      </symbol>
      <symbol id="sm-13b6">
         <name>__TI_auto_init_nobinit_nopinit</name>
         <value>0x10063e5</value>
         <object_component_ref idref="oc-1a6"/>
      </symbol>
      <symbol id="sm-13c0">
         <name>_system_pre_init</name>
         <value>0x10075d3</value>
         <object_component_ref idref="oc-106"/>
      </symbol>
      <symbol id="sm-13cc">
         <name>C$$EXIT</name>
         <value>0x10075d7</value>
         <object_component_ref idref="oc-19a"/>
      </symbol>
      <symbol id="sm-13cd">
         <name>abort</name>
         <value>0x10075d7</value>
         <object_component_ref idref="oc-19a"/>
      </symbol>
      <symbol id="sm-13d0">
         <name>__TI_static_base__</name>
         <value>0x1007a28</value>
      </symbol>
      <symbol id="sm-13d3">
         <name>__mpu_init</name>
         <value>0x0</value>
      </symbol>
      <symbol id="sm-13d4">
         <name>_system_post_cinit</name>
         <value>0x0</value>
      </symbol>
   </symbol_table>
   <title>Link successful</title>
</link_info>
